[2025-11-20 08:08:53 PM-train.py-INFO:Train Epoch: 1 
 [loss: 0.6913] ]
[2025-11-20 08:09:41 PM-train.py-INFO:Train Epoch: 2 
 [loss: 0.6590] ]
[2025-11-20 08:10:29 PM-train.py-INFO:Train Epoch: 3 
 [loss: 0.6193] ]
[2025-11-20 08:11:18 PM-train.py-INFO:Train Epoch: 4 
 [loss: 0.6290] ]
[2025-11-20 08:12:02 PM-train.py-INFO:Train Epoch: 5 
 [loss: 0.5773] ]
[2025-11-20 08:12:48 PM-train.py-INFO:Train Epoch: 6 
 [loss: 0.5306] ]
[2025-11-20 08:13:34 PM-train.py-INFO:Train Epoch: 7 
 [loss: 0.5878] ]
[2025-11-20 08:14:23 PM-train.py-INFO:Train Epoch: 8 
 [loss: 0.4562] ]
[2025-11-20 08:15:08 PM-train.py-INFO:Train Epoch: 9 
 [loss: 0.5087] ]
[2025-11-20 08:15:42 PM-train.py-INFO:Train Epoch: 10 
 [loss: 0.5059] ]
[2025-11-20 08:15:44 PM-train.py-INFO:
 valid/acc:0.7889908256880734 
 valid/specificity:0.9732142857142857 
 confusion_matrix:[[109   3]
 [ 43  63]] 
]
[2025-11-20 08:16:10 PM-train.py-INFO:Train Epoch: 11 
 [loss: 0.4744] ]
[2025-11-20 08:16:33 PM-train.py-INFO:Train Epoch: 12 
 [loss: 0.4704] ]
[2025-11-20 08:17:00 PM-train.py-INFO:Train Epoch: 13 
 [loss: 0.3441] ]
[2025-11-20 08:17:26 PM-train.py-INFO:Train Epoch: 14 
 [loss: 0.3388] ]
[2025-11-20 08:17:52 PM-train.py-INFO:Train Epoch: 15 
 [loss: 0.4160] ]
[2025-11-20 08:18:19 PM-train.py-INFO:Train Epoch: 16 
 [loss: 0.3416] ]
[2025-11-20 08:18:39 PM-train.py-INFO:Train Epoch: 17 
 [loss: 0.3319] ]
[2025-11-20 08:19:09 PM-train.py-INFO:Train Epoch: 18 
 [loss: 0.3311] ]
[2025-11-20 08:19:29 PM-train.py-INFO:Train Epoch: 19 
 [loss: 0.4158] ]
[2025-11-20 08:19:57 PM-train.py-INFO:Train Epoch: 20 
 [loss: 0.3425] ]
[2025-11-20 08:19:59 PM-train.py-INFO:
 valid/acc:0.8807339449541285 
 valid/specificity:0.8392857142857143 
 confusion_matrix:[[94 18]
 [ 8 98]] 
]
[2025-11-20 08:20:24 PM-train.py-INFO:Train Epoch: 21 
 [loss: 0.3436] ]
[2025-11-20 08:20:51 PM-train.py-INFO:Train Epoch: 22 
 [loss: 0.4378] ]
[2025-11-20 08:21:18 PM-train.py-INFO:Train Epoch: 23 
 [loss: 0.3312] ]
[2025-11-20 08:21:46 PM-train.py-INFO:Train Epoch: 24 
 [loss: 0.3138] ]
[2025-11-20 08:22:35 PM-train.py-INFO:Train Epoch: 25 
 [loss: 0.3175] ]
[2025-11-20 08:23:28 PM-train.py-INFO:Train Epoch: 26 
 [loss: 0.3782] ]
[2025-11-20 08:23:50 PM-train.py-INFO:Train Epoch: 27 
 [loss: 0.2875] ]
[2025-11-20 08:24:18 PM-train.py-INFO:Train Epoch: 28 
 [loss: 0.2753] ]
[2025-11-20 08:24:36 PM-train.py-INFO:Train Epoch: 29 
 [loss: 0.3467] ]
[2025-11-20 08:25:01 PM-train.py-INFO:Train Epoch: 30 
 [loss: 0.2346] ]
[2025-11-20 08:25:03 PM-train.py-INFO:
 valid/acc:0.908256880733945 
 valid/specificity:0.9375 
 confusion_matrix:[[105   7]
 [ 13  93]] 
]
[2025-11-20 08:25:26 PM-train.py-INFO:Train Epoch: 31 
 [loss: 0.2538] ]
[2025-11-20 08:26:02 PM-train.py-INFO:Train Epoch: 32 
 [loss: 0.3246] ]
[2025-11-20 08:26:46 PM-train.py-INFO:Train Epoch: 33 
 [loss: 0.2302] ]
[2025-11-20 08:27:10 PM-train.py-INFO:Train Epoch: 34 
 [loss: 0.2126] ]
[2025-11-20 08:27:34 PM-train.py-INFO:Train Epoch: 35 
 [loss: 0.2600] ]
[2025-11-20 08:27:57 PM-train.py-INFO:Train Epoch: 36 
 [loss: 0.2582] ]
[2025-11-20 08:28:19 PM-train.py-INFO:Train Epoch: 37 
 [loss: 0.2730] ]
[2025-11-20 08:28:43 PM-train.py-INFO:Train Epoch: 38 
 [loss: 0.1853] ]
[2025-11-20 08:29:11 PM-train.py-INFO:Train Epoch: 39 
 [loss: 0.1772] ]
[2025-11-20 08:29:52 PM-train.py-INFO:Train Epoch: 40 
 [loss: 0.2456] ]
[2025-11-20 08:29:58 PM-train.py-INFO:
 valid/acc:0.8715596330275229 
 valid/specificity:0.9642857142857143 
 confusion_matrix:[[108   4]
 [ 24  82]] 
]
[2025-11-20 08:30:43 PM-train.py-INFO:Train Epoch: 41 
 [loss: 0.1856] ]
[2025-11-20 08:31:38 PM-train.py-INFO:Train Epoch: 42 
 [loss: 0.1807] ]
[2025-11-20 08:32:33 PM-train.py-INFO:Train Epoch: 43 
 [loss: 0.2154] ]
[2025-11-20 08:33:25 PM-train.py-INFO:Train Epoch: 44 
 [loss: 0.2252] ]
[2025-11-20 08:34:14 PM-train.py-INFO:Train Epoch: 45 
 [loss: 0.1421] ]
[2025-11-20 08:35:07 PM-train.py-INFO:Train Epoch: 46 
 [loss: 0.1803] ]
[2025-11-20 08:35:59 PM-train.py-INFO:Train Epoch: 47 
 [loss: 0.2329] ]
[2025-11-20 08:36:47 PM-train.py-INFO:Train Epoch: 48 
 [loss: 0.1575] ]
[2025-11-20 08:37:41 PM-train.py-INFO:Train Epoch: 49 
 [loss: 0.2144] ]
[2025-11-20 08:38:32 PM-train.py-INFO:Train Epoch: 50 
 [loss: 0.2026] ]
[2025-11-20 08:38:38 PM-train.py-INFO:
 valid/acc:0.8807339449541285 
 valid/specificity:0.875 
 confusion_matrix:[[98 14]
 [12 94]] 
]
[2025-11-20 09:18:42 PM-train.py-INFO:
 valid/acc:0.7844036697247706 
 valid/specificity:0.8125 
 confusion_matrix:[[91 21]
 [26 80]] 
]
[2025-11-20 09:18:42 PM-train.py-INFO:Top 1 - val_acc: 7 (Index: 0.7844036697247706)]
[2025-11-20 09:18:42 PM-train.py-INFO:Top 2 - val_acc: 8 (Index: 0.7844036697247706)]
[2025-11-20 09:18:42 PM-train.py-INFO:Top 3 - val_acc: 9 (Index: 0.7844036697247706)]
[2025-11-20 09:18:42 PM-train.py-INFO:Top 1 - val_spe: 5 (Index: 0.9017857142857143)]
[2025-11-20 09:18:42 PM-train.py-INFO:Top 2 - val_spe: 7 (Index: 0.8482142857142857)]
[2025-11-20 09:18:42 PM-train.py-INFO:Top 3 - val_spe: 8 (Index: 0.8303571428571429)]
[2025-11-20 09:19:09 PM-train.py-INFO:
 valid/acc:0.7935779816513762 
 valid/specificity:0.7946428571428571 
 confusion_matrix:[[89 23]
 [22 84]] 
]
[2025-11-20 09:19:09 PM-train.py-INFO:Top 1 - val_acc: 9 (Index: 0.7935779816513762)]
[2025-11-20 09:19:09 PM-train.py-INFO:Top 2 - val_acc: 8 (Index: 0.7889908256880734)]
[2025-11-20 09:19:09 PM-train.py-INFO:Top 3 - val_acc: 7 (Index: 0.7706422018348624)]
[2025-11-20 09:19:09 PM-train.py-INFO:Top 1 - val_spe: 2 (Index: 0.8482142857142857)]
[2025-11-20 09:19:09 PM-train.py-INFO:Top 2 - val_spe: 0 (Index: 0.8392857142857143)]
[2025-11-20 09:19:09 PM-train.py-INFO:Top 3 - val_spe: 5 (Index: 0.8303571428571429)]
[2025-11-20 09:19:36 PM-train.py-INFO:
 valid/acc:0.7568807339449541 
 valid/specificity:0.7297297297297297 
 confusion_matrix:[[81 30]
 [23 84]] 
]
[2025-11-20 09:19:36 PM-train.py-INFO:Top 1 - val_acc: 7 (Index: 0.7889908256880734)]
[2025-11-20 09:19:36 PM-train.py-INFO:Top 2 - val_acc: 8 (Index: 0.7660550458715596)]
[2025-11-20 09:19:36 PM-train.py-INFO:Top 3 - val_acc: 6 (Index: 0.7568807339449541)]
[2025-11-20 09:19:36 PM-train.py-INFO:Top 1 - val_spe: 3 (Index: 0.9009009009009009)]
[2025-11-20 09:19:36 PM-train.py-INFO:Top 2 - val_spe: 0 (Index: 0.8738738738738738)]
[2025-11-20 09:19:36 PM-train.py-INFO:Top 3 - val_spe: 7 (Index: 0.8108108108108109)]
[2025-11-20 09:20:41 PM-train.py-INFO:Top 1 - val_acc: 4 (Index: 0.6743119266055045)]
[2025-11-20 09:20:41 PM-train.py-INFO:Top 2 - val_acc: 3 (Index: 0.6559633027522935)]
[2025-11-20 09:20:41 PM-train.py-INFO:Top 3 - val_acc: 2 (Index: 0.6513761467889908)]
[2025-11-20 09:20:41 PM-train.py-INFO:Top 1 - val_spe: 3 (Index: 0.9910714285714286)]
[2025-11-20 09:20:41 PM-train.py-INFO:Top 2 - val_spe: 4 (Index: 0.9732142857142857)]
[2025-11-20 09:20:41 PM-train.py-INFO:Top 3 - val_spe: 2 (Index: 0.8571428571428571)]
[2025-11-20 09:38:09 PM-train.py-INFO:Top 1 - val_acc: 4 (Index: 0.6834862385321101)]
[2025-11-20 09:38:09 PM-train.py-INFO:Top 2 - val_acc: 3 (Index: 0.6788990825688074)]
[2025-11-20 09:38:09 PM-train.py-INFO:Top 3 - val_acc: 0 (Index: 0.5137614678899083)]
[2025-11-20 09:38:09 PM-train.py-INFO:Top 1 - val_spe: 0 (Index: 1.0)]
[2025-11-20 09:38:09 PM-train.py-INFO:Top 2 - val_spe: 1 (Index: 1.0)]
[2025-11-20 09:38:09 PM-train.py-INFO:Top 3 - val_spe: 3 (Index: 0.9375)]
[2025-11-20 09:38:23 PM-train.py-INFO:Top 1 - val_acc: 4 (Index: 0.6009174311926605)]
[2025-11-20 09:38:23 PM-train.py-INFO:Top 2 - val_acc: 3 (Index: 0.5871559633027523)]
[2025-11-20 09:38:23 PM-train.py-INFO:Top 3 - val_acc: 1 (Index: 0.555045871559633)]
[2025-11-20 09:38:23 PM-train.py-INFO:Top 1 - val_spe: 2 (Index: 1.0)]
[2025-11-20 09:38:23 PM-train.py-INFO:Top 2 - val_spe: 0 (Index: 0.8392857142857143)]
[2025-11-20 09:38:23 PM-train.py-INFO:Top 3 - val_spe: 1 (Index: 0.6428571428571429)]
[2025-11-20 09:38:37 PM-train.py-INFO:Top 1 - val_acc: 2 (Index: 0.6972477064220184)]
[2025-11-20 09:38:37 PM-train.py-INFO:Top 2 - val_acc: 4 (Index: 0.6559633027522935)]
[2025-11-20 09:38:37 PM-train.py-INFO:Top 3 - val_acc: 3 (Index: 0.6422018348623854)]
[2025-11-20 09:38:37 PM-train.py-INFO:Top 1 - val_spe: 3 (Index: 0.9459459459459459)]
[2025-11-20 09:38:37 PM-train.py-INFO:Top 2 - val_spe: 4 (Index: 0.9459459459459459)]
[2025-11-20 09:38:37 PM-train.py-INFO:Top 3 - val_spe: 2 (Index: 0.4864864864864865)]
[2025-11-20 09:38:50 PM-train.py-INFO:Top 1 - val_acc: 4 (Index: 0.7155963302752294)]
[2025-11-20 09:38:50 PM-train.py-INFO:Top 2 - val_acc: 2 (Index: 0.7018348623853211)]
[2025-11-20 09:38:50 PM-train.py-INFO:Top 3 - val_acc: 3 (Index: 0.6926605504587156)]
[2025-11-20 09:38:50 PM-train.py-INFO:Top 1 - val_spe: 0 (Index: 0.9819819819819819)]
[2025-11-20 09:38:50 PM-train.py-INFO:Top 2 - val_spe: 3 (Index: 0.8918918918918919)]
[2025-11-20 09:38:50 PM-train.py-INFO:Top 3 - val_spe: 4 (Index: 0.8918918918918919)]
[2025-11-20 09:39:05 PM-train.py-INFO:Top 1 - val_acc: 4 (Index: 0.6559633027522935)]
[2025-11-20 09:39:05 PM-train.py-INFO:Top 2 - val_acc: 2 (Index: 0.6513761467889908)]
[2025-11-20 09:39:05 PM-train.py-INFO:Top 3 - val_acc: 3 (Index: 0.6376146788990825)]
[2025-11-20 09:39:05 PM-train.py-INFO:Top 1 - val_spe: 1 (Index: 0.9369369369369369)]
[2025-11-20 09:39:05 PM-train.py-INFO:Top 2 - val_spe: 0 (Index: 0.9009009009009009)]
[2025-11-20 09:39:05 PM-train.py-INFO:Top 3 - val_spe: 2 (Index: 0.5945945945945946)]
[2025-11-20 09:50:48 PM-train.py-INFO:Top 1 - val_acc: 3 (Index: 0.591743119266055)]
[2025-11-20 09:50:48 PM-train.py-INFO:Top 2 - val_acc: 4 (Index: 0.591743119266055)]
[2025-11-20 09:50:48 PM-train.py-INFO:Top 3 - val_acc: 2 (Index: 0.5275229357798165)]
[2025-11-20 09:50:48 PM-train.py-INFO:Top 1 - val_spe: 0 (Index: 1.0)]
[2025-11-20 09:50:48 PM-train.py-INFO:Top 2 - val_spe: 1 (Index: 1.0)]
[2025-11-20 09:50:48 PM-train.py-INFO:Top 3 - val_spe: 3 (Index: 0.9196428571428571)]
[2025-11-20 09:51:02 PM-train.py-INFO:Top 1 - val_acc: 3 (Index: 0.6743119266055045)]
[2025-11-20 09:51:02 PM-train.py-INFO:Top 2 - val_acc: 4 (Index: 0.6697247706422018)]
[2025-11-20 09:51:02 PM-train.py-INFO:Top 3 - val_acc: 2 (Index: 0.6100917431192661)]
[2025-11-20 09:51:02 PM-train.py-INFO:Top 1 - val_spe: 0 (Index: 1.0)]
[2025-11-20 09:51:02 PM-train.py-INFO:Top 2 - val_spe: 1 (Index: 0.5535714285714286)]
[2025-11-20 09:51:02 PM-train.py-INFO:Top 3 - val_spe: 4 (Index: 0.5446428571428571)]
[2025-11-20 09:51:16 PM-train.py-INFO:Top 1 - val_acc: 2 (Index: 0.6697247706422018)]
[2025-11-20 09:51:16 PM-train.py-INFO:Top 2 - val_acc: 4 (Index: 0.6055045871559633)]
[2025-11-20 09:51:16 PM-train.py-INFO:Top 3 - val_acc: 3 (Index: 0.5963302752293578)]
[2025-11-20 09:51:16 PM-train.py-INFO:Top 1 - val_spe: 3 (Index: 0.990990990990991)]
[2025-11-20 09:51:16 PM-train.py-INFO:Top 2 - val_spe: 4 (Index: 0.9819819819819819)]
[2025-11-20 09:51:16 PM-train.py-INFO:Top 3 - val_spe: 0 (Index: 0.9279279279279279)]
[2025-11-20 09:51:30 PM-train.py-INFO:Top 1 - val_acc: 3 (Index: 0.7477064220183486)]
[2025-11-20 09:51:30 PM-train.py-INFO:Top 2 - val_acc: 4 (Index: 0.7431192660550459)]
[2025-11-20 09:51:30 PM-train.py-INFO:Top 3 - val_acc: 2 (Index: 0.6743119266055045)]
[2025-11-20 09:51:30 PM-train.py-INFO:Top 1 - val_spe: 1 (Index: 0.9099099099099099)]
[2025-11-20 09:51:30 PM-train.py-INFO:Top 2 - val_spe: 4 (Index: 0.8558558558558559)]
[2025-11-20 09:51:30 PM-train.py-INFO:Top 3 - val_spe: 3 (Index: 0.8468468468468469)]
[2025-11-20 09:51:44 PM-train.py-INFO:Top 1 - val_acc: 3 (Index: 0.7385321100917431)]
[2025-11-20 09:51:44 PM-train.py-INFO:Top 2 - val_acc: 4 (Index: 0.7339449541284404)]
[2025-11-20 09:51:44 PM-train.py-INFO:Top 3 - val_acc: 0 (Index: 0.6467889908256881)]
[2025-11-20 09:51:44 PM-train.py-INFO:Top 1 - val_spe: 1 (Index: 1.0)]
[2025-11-20 09:51:44 PM-train.py-INFO:Top 2 - val_spe: 2 (Index: 1.0)]
[2025-11-20 09:51:44 PM-train.py-INFO:Top 3 - val_spe: 3 (Index: 0.7747747747747747)]
[2025-11-21 09:56:04 AM-train.py-INFO:
 valid/acc:0.8256880733944955 
 valid/specificity:0.7142857142857143 
 confusion_matrix:[[ 80  32]
 [  6 100]] 
]
[2025-11-21 09:56:31 AM-train.py-INFO:
 valid/acc:0.8623853211009175 
 valid/specificity:0.9910714285714286 
 confusion_matrix:[[111   1]
 [ 29  77]] 
]
[2025-11-21 09:56:58 AM-train.py-INFO:
 valid/acc:0.908256880733945 
 valid/specificity:0.9464285714285714 
 confusion_matrix:[[106   6]
 [ 14  92]] 
]
[2025-11-21 09:57:25 AM-train.py-INFO:
 valid/acc:0.9128440366972477 
 valid/specificity:0.9285714285714286 
 confusion_matrix:[[104   8]
 [ 11  95]] 
]
[2025-11-21 09:57:52 AM-train.py-INFO:
 valid/acc:0.8853211009174312 
 valid/specificity:0.9285714285714286 
 confusion_matrix:[[104   8]
 [ 17  89]] 
]
[2025-11-21 09:58:19 AM-train.py-INFO:
 valid/acc:0.8990825688073395 
 valid/specificity:0.9107142857142857 
 confusion_matrix:[[102  10]
 [ 12  94]] 
]
[2025-11-21 09:58:46 AM-train.py-INFO:
 valid/acc:0.9036697247706422 
 valid/specificity:0.9107142857142857 
 confusion_matrix:[[102  10]
 [ 11  95]] 
]
[2025-11-21 09:59:13 AM-train.py-INFO:
 valid/acc:0.8990825688073395 
 valid/specificity:0.9017857142857143 
 confusion_matrix:[[101  11]
 [ 11  95]] 
]
[2025-11-21 09:59:39 AM-train.py-INFO:
 valid/acc:0.8944954128440367 
 valid/specificity:0.9017857142857143 
 confusion_matrix:[[101  11]
 [ 12  94]] 
]
[2025-11-21 10:00:06 AM-train.py-INFO:
 valid/acc:0.8944954128440367 
 valid/specificity:0.9017857142857143 
 confusion_matrix:[[101  11]
 [ 12  94]] 
]
[2025-11-21 10:00:06 AM-train.py-INFO:Top 1 - val_acc: 24 (Index: 0.9174311926605505)]
[2025-11-21 10:00:06 AM-train.py-INFO:Top 2 - val_acc: 25 (Index: 0.9128440366972477)]
[2025-11-21 10:00:06 AM-train.py-INFO:Top 3 - val_acc: 30 (Index: 0.9128440366972477)]
[2025-11-21 10:00:06 AM-train.py-INFO:Top 1 - val_spe: 19 (Index: 0.9910714285714286)]
[2025-11-21 10:00:06 AM-train.py-INFO:Top 2 - val_spe: 20 (Index: 0.9821428571428571)]
[2025-11-21 10:00:06 AM-train.py-INFO:Top 3 - val_spe: 15 (Index: 0.9642857142857143)]
[2025-11-21 10:00:33 AM-train.py-INFO:
 valid/acc:0.8165137614678899 
 valid/specificity:0.9464285714285714 
 confusion_matrix:[[106   6]
 [ 34  72]] 
]
[2025-11-21 10:01:00 AM-train.py-INFO:
 valid/acc:0.8577981651376146 
 valid/specificity:0.8660714285714286 
 confusion_matrix:[[97 15]
 [16 90]] 
]
[2025-11-21 10:01:26 AM-train.py-INFO:
 valid/acc:0.8577981651376146 
 valid/specificity:0.9553571428571429 
 confusion_matrix:[[107   5]
 [ 26  80]] 
]
[2025-11-21 10:01:53 AM-train.py-INFO:
 valid/acc:0.8853211009174312 
 valid/specificity:0.875 
 confusion_matrix:[[98 14]
 [11 95]] 
]
[2025-11-21 10:02:19 AM-train.py-INFO:
 valid/acc:0.8807339449541285 
 valid/specificity:0.9107142857142857 
 confusion_matrix:[[102  10]
 [ 16  90]] 
]
[2025-11-21 10:02:46 AM-train.py-INFO:
 valid/acc:0.9036697247706422 
 valid/specificity:0.8928571428571429 
 confusion_matrix:[[100  12]
 [  9  97]] 
]
[2025-11-21 10:03:12 AM-train.py-INFO:
 valid/acc:0.8944954128440367 
 valid/specificity:0.875 
 confusion_matrix:[[98 14]
 [ 9 97]] 
]
[2025-11-21 10:03:39 AM-train.py-INFO:
 valid/acc:0.8899082568807339 
 valid/specificity:0.8928571428571429 
 confusion_matrix:[[100  12]
 [ 12  94]] 
]
[2025-11-21 10:04:05 AM-train.py-INFO:
 valid/acc:0.8899082568807339 
 valid/specificity:0.8660714285714286 
 confusion_matrix:[[97 15]
 [ 9 97]] 
]
[2025-11-21 10:04:32 AM-train.py-INFO:
 valid/acc:0.8899082568807339 
 valid/specificity:0.8660714285714286 
 confusion_matrix:[[97 15]
 [ 9 97]] 
]
[2025-11-21 10:04:32 AM-train.py-INFO:Top 1 - val_acc: 51 (Index: 0.908256880733945)]
[2025-11-21 10:04:32 AM-train.py-INFO:Top 2 - val_acc: 40 (Index: 0.9036697247706422)]
[2025-11-21 10:04:32 AM-train.py-INFO:Top 3 - val_acc: 42 (Index: 0.9036697247706422)]
[2025-11-21 10:04:32 AM-train.py-INFO:Top 1 - val_spe: 2 (Index: 1.0)]
[2025-11-21 10:04:32 AM-train.py-INFO:Top 2 - val_spe: 12 (Index: 0.9553571428571429)]
[2025-11-21 10:04:32 AM-train.py-INFO:Top 3 - val_spe: 29 (Index: 0.9553571428571429)]
[2025-11-21 10:04:59 AM-train.py-INFO:
 valid/acc:0.8532110091743119 
 valid/specificity:0.7837837837837838 
 confusion_matrix:[[87 24]
 [ 8 99]] 
]
[2025-11-21 10:05:26 AM-train.py-INFO:
 valid/acc:0.8577981651376146 
 valid/specificity:0.8558558558558559 
 confusion_matrix:[[95 16]
 [15 92]] 
]
[2025-11-21 10:05:52 AM-train.py-INFO:
 valid/acc:0.8623853211009175 
 valid/specificity:0.8468468468468469 
 confusion_matrix:[[94 17]
 [13 94]] 
]
[2025-11-21 10:06:19 AM-train.py-INFO:
 valid/acc:0.8669724770642202 
 valid/specificity:0.8288288288288288 
 confusion_matrix:[[92 19]
 [10 97]] 
]
[2025-11-21 10:06:45 AM-train.py-INFO:
 valid/acc:0.8807339449541285 
 valid/specificity:0.8198198198198198 
 confusion_matrix:[[ 91  20]
 [  6 101]] 
]
[2025-11-21 10:07:11 AM-train.py-INFO:
 valid/acc:0.8623853211009175 
 valid/specificity:0.8648648648648649 
 confusion_matrix:[[96 15]
 [15 92]] 
]
[2025-11-21 10:07:38 AM-train.py-INFO:
 valid/acc:0.8669724770642202 
 valid/specificity:0.8288288288288288 
 confusion_matrix:[[92 19]
 [10 97]] 
]
[2025-11-21 10:08:04 AM-train.py-INFO:
 valid/acc:0.8899082568807339 
 valid/specificity:0.918918918918919 
 confusion_matrix:[[102   9]
 [ 15  92]] 
]
[2025-11-21 10:08:31 AM-train.py-INFO:
 valid/acc:0.8853211009174312 
 valid/specificity:0.9099099099099099 
 confusion_matrix:[[101  10]
 [ 15  92]] 
]
[2025-11-21 10:08:58 AM-train.py-INFO:
 valid/acc:0.8807339449541285 
 valid/specificity:0.918918918918919 
 confusion_matrix:[[102   9]
 [ 17  90]] 
]
[2025-11-21 10:08:58 AM-train.py-INFO:Top 1 - val_acc: 31 (Index: 0.8990825688073395)]
[2025-11-21 10:08:58 AM-train.py-INFO:Top 2 - val_acc: 46 (Index: 0.8944954128440367)]
[2025-11-21 10:08:58 AM-train.py-INFO:Top 3 - val_acc: 85 (Index: 0.8944954128440367)]
[2025-11-21 10:08:58 AM-train.py-INFO:Top 1 - val_spe: 16 (Index: 0.954954954954955)]
[2025-11-21 10:08:58 AM-train.py-INFO:Top 2 - val_spe: 56 (Index: 0.9459459459459459)]
[2025-11-21 10:08:58 AM-train.py-INFO:Top 3 - val_spe: 3 (Index: 0.9369369369369369)]
[2025-11-21 10:09:26 AM-train.py-INFO:
 valid/acc:0.8440366972477065 
 valid/specificity:0.963963963963964 
 confusion_matrix:[[107   4]
 [ 30  77]] 
]
[2025-11-21 10:09:53 AM-train.py-INFO:
 valid/acc:0.8990825688073395 
 valid/specificity:0.9009009009009009 
 confusion_matrix:[[100  11]
 [ 11  96]] 
]
[2025-11-21 10:10:20 AM-train.py-INFO:
 valid/acc:0.8944954128440367 
 valid/specificity:0.8558558558558559 
 confusion_matrix:[[ 95  16]
 [  7 100]] 
]
[2025-11-21 10:10:46 AM-train.py-INFO:
 valid/acc:0.8944954128440367 
 valid/specificity:0.9369369369369369 
 confusion_matrix:[[104   7]
 [ 16  91]] 
]
[2025-11-21 10:11:13 AM-train.py-INFO:
 valid/acc:0.9174311926605505 
 valid/specificity:0.9279279279279279 
 confusion_matrix:[[103   8]
 [ 10  97]] 
]
[2025-11-21 10:11:40 AM-train.py-INFO:
 valid/acc:0.9036697247706422 
 valid/specificity:0.9459459459459459 
 confusion_matrix:[[105   6]
 [ 15  92]] 
]
[2025-11-21 10:12:06 AM-train.py-INFO:
 valid/acc:0.8944954128440367 
 valid/specificity:0.8738738738738738 
 confusion_matrix:[[97 14]
 [ 9 98]] 
]
[2025-11-21 10:12:33 AM-train.py-INFO:
 valid/acc:0.9128440366972477 
 valid/specificity:0.9009009009009009 
 confusion_matrix:[[100  11]
 [  8  99]] 
]
[2025-11-21 10:13:00 AM-train.py-INFO:
 valid/acc:0.908256880733945 
 valid/specificity:0.918918918918919 
 confusion_matrix:[[102   9]
 [ 11  96]] 
]
[2025-11-21 10:13:27 AM-train.py-INFO:
 valid/acc:0.8990825688073395 
 valid/specificity:0.9099099099099099 
 confusion_matrix:[[101  10]
 [ 12  95]] 
]
[2025-11-21 10:13:27 AM-train.py-INFO:Top 1 - val_acc: 51 (Index: 0.926605504587156)]
[2025-11-21 10:13:27 AM-train.py-INFO:Top 2 - val_acc: 63 (Index: 0.926605504587156)]
[2025-11-21 10:13:27 AM-train.py-INFO:Top 3 - val_acc: 65 (Index: 0.926605504587156)]
[2025-11-21 10:13:27 AM-train.py-INFO:Top 1 - val_spe: 61 (Index: 0.9819819819819819)]
[2025-11-21 10:13:27 AM-train.py-INFO:Top 2 - val_spe: 22 (Index: 0.972972972972973)]
[2025-11-21 10:13:27 AM-train.py-INFO:Top 3 - val_spe: 48 (Index: 0.972972972972973)]
[2025-11-21 10:13:55 AM-train.py-INFO:
 valid/acc:0.7155963302752294 
 valid/specificity:0.963963963963964 
 confusion_matrix:[[107   4]
 [ 58  49]] 
]
[2025-11-21 10:14:22 AM-train.py-INFO:
 valid/acc:0.8440366972477065 
 valid/specificity:0.8918918918918919 
 confusion_matrix:[[99 12]
 [22 85]] 
]
[2025-11-21 10:14:48 AM-train.py-INFO:
 valid/acc:0.8715596330275229 
 valid/specificity:0.9009009009009009 
 confusion_matrix:[[100  11]
 [ 17  90]] 
]
[2025-11-21 10:15:15 AM-train.py-INFO:
 valid/acc:0.8623853211009175 
 valid/specificity:0.8648648648648649 
 confusion_matrix:[[96 15]
 [15 92]] 
]
[2025-11-21 10:15:42 AM-train.py-INFO:
 valid/acc:0.8669724770642202 
 valid/specificity:0.8558558558558559 
 confusion_matrix:[[95 16]
 [13 94]] 
]
[2025-11-21 10:16:09 AM-train.py-INFO:
 valid/acc:0.8761467889908257 
 valid/specificity:0.9009009009009009 
 confusion_matrix:[[100  11]
 [ 16  91]] 
]
[2025-11-21 10:16:35 AM-train.py-INFO:
 valid/acc:0.8761467889908257 
 valid/specificity:0.8918918918918919 
 confusion_matrix:[[99 12]
 [15 92]] 
]
[2025-11-21 10:17:02 AM-train.py-INFO:
 valid/acc:0.8807339449541285 
 valid/specificity:0.8918918918918919 
 confusion_matrix:[[99 12]
 [14 93]] 
]
[2025-11-21 10:17:28 AM-train.py-INFO:
 valid/acc:0.8623853211009175 
 valid/specificity:0.8648648648648649 
 confusion_matrix:[[96 15]
 [15 92]] 
]
[2025-11-21 10:17:55 AM-train.py-INFO:
 valid/acc:0.8715596330275229 
 valid/specificity:0.8558558558558559 
 confusion_matrix:[[95 16]
 [12 95]] 
]
[2025-11-21 10:17:55 AM-train.py-INFO:Top 1 - val_acc: 76 (Index: 0.8899082568807339)]
[2025-11-21 10:17:55 AM-train.py-INFO:Top 2 - val_acc: 61 (Index: 0.8853211009174312)]
[2025-11-21 10:17:55 AM-train.py-INFO:Top 3 - val_acc: 63 (Index: 0.8807339449541285)]
[2025-11-21 10:17:55 AM-train.py-INFO:Top 1 - val_spe: 8 (Index: 0.963963963963964)]
[2025-11-21 10:17:55 AM-train.py-INFO:Top 2 - val_spe: 9 (Index: 0.963963963963964)]
[2025-11-21 10:17:55 AM-train.py-INFO:Top 3 - val_spe: 25 (Index: 0.963963963963964)]
[2025-11-21 10:42:47 AM-eval_test.py-INFO:
 Training on epoch:1 complete in 0m 59s]
[2025-11-21 10:42:47 AM-eval_test.py-INFO: 
 valid/loss:0.351 
 valid/acc:0.852 
 valid/f1:0.872 
 valid/kappa:0.696 
 valid/recall:0.895 
 valid/precision:0.85 
 valid/specificity:0.796 
 confusion_matrix:[[117  30]
 [ 20 170]] 
 ]
[2025-11-21 10:42:50 AM-eval_test.py-INFO:
 Training on epoch:1 complete in 0m 3s]
[2025-11-21 10:42:50 AM-eval_test.py-INFO: 
 valid/loss:0.306 
 valid/acc:0.872 
 valid/f1:0.888 
 valid/kappa:0.74 
 valid/recall:0.895 
 valid/precision:0.881 
 valid/specificity:0.844 
 confusion_matrix:[[124  23]
 [ 20 170]] 
 ]
[2025-11-21 10:42:53 AM-eval_test.py-INFO:
 Training on epoch:1 complete in 0m 2s]
[2025-11-21 10:42:53 AM-eval_test.py-INFO: 
 valid/loss:0.313 
 valid/acc:0.878 
 valid/f1:0.891 
 valid/kappa:0.753 
 valid/recall:0.884 
 valid/precision:0.898 
 valid/specificity:0.871 
 confusion_matrix:[[128  19]
 [ 22 168]] 
 ]
[2025-11-21 10:42:57 AM-eval_test.py-INFO:
 Training on epoch:1 complete in 0m 3s]
[2025-11-21 10:42:57 AM-eval_test.py-INFO: 
 valid/loss:0.338 
 valid/acc:0.861 
 valid/f1:0.877 
 valid/kappa:0.716 
 valid/recall:0.879 
 valid/precision:0.874 
 valid/specificity:0.837 
 confusion_matrix:[[123  24]
 [ 23 167]] 
 ]
[2025-11-21 10:43:00 AM-eval_test.py-INFO:
 Training on epoch:1 complete in 0m 3s]
[2025-11-21 10:43:00 AM-eval_test.py-INFO: 
 valid/loss:0.447 
 valid/acc:0.866 
 valid/f1:0.885 
 valid/kappa:0.726 
 valid/recall:0.911 
 valid/precision:0.861 
 valid/specificity:0.81 
 confusion_matrix:[[119  28]
 [ 17 173]] 
 ]
[2025-11-21 10:43:01 AM-eval_test.py-INFO:
 global_recall:[0.8947, 0.8947, 0.8842, 0.8789, 0.9105] 
  global_accuracy:[0.8516, 0.8724, 0.8783, 0.8605, 0.8665] 
 global_F1_Score:[0.8718, 0.8877, 0.8912, 0.8766, 0.8849] ]
[2025-11-21 10:43:01 AM-eval_test.py-INFO:
 c95_recall:[0.893, (0.882, 0.904)] 
 c95_accuracy:[0.866, (0.857, 0.875)] 
 c95_F1_Score:[0.882, (0.875, 0.889)]]
[2025-11-21 11:45:54 AM-eval_test.py-INFO:
 Training on epoch:1 complete in 0m 3s]
[2025-11-21 11:45:54 AM-eval_test.py-INFO: 
 valid/loss:0.351 
 valid/acc:0.852 
 valid/f1:0.872 
 valid/kappa:0.696 
 valid/recall:0.895 
 valid/precision:0.85 
 valid/specificity:0.796 
 confusion_matrix:[[117  30]
 [ 20 170]] 
 ]
[2025-11-21 11:45:58 AM-eval_test.py-INFO:
 Training on epoch:1 complete in 0m 3s]
[2025-11-21 11:45:58 AM-eval_test.py-INFO: 
 valid/loss:0.306 
 valid/acc:0.872 
 valid/f1:0.888 
 valid/kappa:0.74 
 valid/recall:0.895 
 valid/precision:0.881 
 valid/specificity:0.844 
 confusion_matrix:[[124  23]
 [ 20 170]] 
 ]
[2025-11-21 11:46:01 AM-eval_test.py-INFO:
 Training on epoch:1 complete in 0m 3s]
[2025-11-21 11:46:01 AM-eval_test.py-INFO: 
 valid/loss:0.313 
 valid/acc:0.878 
 valid/f1:0.891 
 valid/kappa:0.753 
 valid/recall:0.884 
 valid/precision:0.898 
 valid/specificity:0.871 
 confusion_matrix:[[128  19]
 [ 22 168]] 
 ]
[2025-11-21 11:46:05 AM-eval_test.py-INFO:
 Training on epoch:1 complete in 0m 3s]
[2025-11-21 11:46:05 AM-eval_test.py-INFO: 
 valid/loss:0.338 
 valid/acc:0.861 
 valid/f1:0.877 
 valid/kappa:0.716 
 valid/recall:0.879 
 valid/precision:0.874 
 valid/specificity:0.837 
 confusion_matrix:[[123  24]
 [ 23 167]] 
 ]
[2025-11-21 11:46:08 AM-eval_test.py-INFO:
 Training on epoch:1 complete in 0m 3s]
[2025-11-21 11:46:08 AM-eval_test.py-INFO: 
 valid/loss:0.447 
 valid/acc:0.866 
 valid/f1:0.885 
 valid/kappa:0.726 
 valid/recall:0.911 
 valid/precision:0.861 
 valid/specificity:0.81 
 confusion_matrix:[[119  28]
 [ 17 173]] 
 ]
[2025-11-21 11:46:09 AM-eval_test.py-INFO:
 global_recall:[0.8947, 0.8947, 0.8842, 0.8789, 0.9105] 
  global_accuracy:[0.8516, 0.8724, 0.8783, 0.8605, 0.8665] 
 global_F1_Score:[0.8718, 0.8877, 0.8912, 0.8766, 0.8849] ]
[2025-11-21 11:46:09 AM-eval_test.py-INFO:
 c95_recall:[0.893, (0.882, 0.904)] 
 c95_accuracy:[0.866, (0.857, 0.875)] 
 c95_F1_Score:[0.882, (0.875, 0.889)]]
[2025-11-21 03:42:30 PM-train.py-INFO:
 valid/acc:0.8440366972477065 
 valid/specificity:0.9732142857142857 
 confusion_matrix:[[109   3]
 [ 31  75]] 
]
[2025-11-21 03:42:58 PM-train.py-INFO:
 valid/acc:0.8899082568807339 
 valid/specificity:0.9553571428571429 
 confusion_matrix:[[107   5]
 [ 19  87]] 
]
[2025-11-21 03:43:25 PM-train.py-INFO:
 valid/acc:0.8899082568807339 
 valid/specificity:0.9642857142857143 
 confusion_matrix:[[108   4]
 [ 20  86]] 
]
[2025-11-21 03:43:53 PM-train.py-INFO:
 valid/acc:0.9220183486238532 
 valid/specificity:0.9375 
 confusion_matrix:[[105   7]
 [ 10  96]] 
]
[2025-11-21 03:44:21 PM-train.py-INFO:
 valid/acc:0.9036697247706422 
 valid/specificity:0.9017857142857143 
 confusion_matrix:[[101  11]
 [ 10  96]] 
]
[2025-11-21 03:44:49 PM-train.py-INFO:
 valid/acc:0.8669724770642202 
 valid/specificity:0.8928571428571429 
 confusion_matrix:[[100  12]
 [ 17  89]] 
]
[2025-11-21 03:45:16 PM-train.py-INFO:
 valid/acc:0.8990825688073395 
 valid/specificity:0.875 
 confusion_matrix:[[98 14]
 [ 8 98]] 
]
[2025-11-21 03:45:44 PM-train.py-INFO:
 valid/acc:0.9036697247706422 
 valid/specificity:0.8839285714285714 
 confusion_matrix:[[99 13]
 [ 8 98]] 
]
[2025-11-21 03:46:12 PM-train.py-INFO:
 valid/acc:0.9036697247706422 
 valid/specificity:0.8928571428571429 
 confusion_matrix:[[100  12]
 [  9  97]] 
]
[2025-11-21 03:46:40 PM-train.py-INFO:
 valid/acc:0.9036697247706422 
 valid/specificity:0.8928571428571429 
 confusion_matrix:[[100  12]
 [  9  97]] 
]
[2025-11-21 03:47:08 PM-train.py-INFO:
 valid/acc:0.9036697247706422 
 valid/specificity:0.8839285714285714 
 confusion_matrix:[[99 13]
 [ 8 98]] 
]
[2025-11-21 03:47:36 PM-train.py-INFO:
 valid/acc:0.8944954128440367 
 valid/specificity:0.8928571428571429 
 confusion_matrix:[[100  12]
 [ 11  95]] 
]
[2025-11-21 03:48:04 PM-train.py-INFO:
 valid/acc:0.8944954128440367 
 valid/specificity:0.9017857142857143 
 confusion_matrix:[[101  11]
 [ 12  94]] 
]
[2025-11-21 03:48:32 PM-train.py-INFO:
 valid/acc:0.908256880733945 
 valid/specificity:0.8928571428571429 
 confusion_matrix:[[100  12]
 [  8  98]] 
]
[2025-11-21 03:49:00 PM-train.py-INFO:
 valid/acc:0.9036697247706422 
 valid/specificity:0.8839285714285714 
 confusion_matrix:[[99 13]
 [ 8 98]] 
]
[2025-11-21 03:49:28 PM-train.py-INFO:
 valid/acc:0.9036697247706422 
 valid/specificity:0.8928571428571429 
 confusion_matrix:[[100  12]
 [  9  97]] 
]
[2025-11-21 03:49:56 PM-train.py-INFO:
 valid/acc:0.908256880733945 
 valid/specificity:0.9017857142857143 
 confusion_matrix:[[101  11]
 [  9  97]] 
]
[2025-11-21 03:50:24 PM-train.py-INFO:
 valid/acc:0.908256880733945 
 valid/specificity:0.9017857142857143 
 confusion_matrix:[[101  11]
 [  9  97]] 
]
[2025-11-21 03:50:52 PM-train.py-INFO:
 valid/acc:0.908256880733945 
 valid/specificity:0.9017857142857143 
 confusion_matrix:[[101  11]
 [  9  97]] 
]
[2025-11-21 03:51:20 PM-train.py-INFO:
 valid/acc:0.908256880733945 
 valid/specificity:0.9017857142857143 
 confusion_matrix:[[101  11]
 [  9  97]] 
]
[2025-11-21 03:51:20 PM-train.py-INFO:Top 1 - val_acc: 34 (Index: 0.926605504587156)]
[2025-11-21 03:51:20 PM-train.py-INFO:Top 2 - val_acc: 36 (Index: 0.926605504587156)]
[2025-11-21 03:51:20 PM-train.py-INFO:Top 3 - val_acc: 38 (Index: 0.926605504587156)]
[2025-11-21 03:51:20 PM-train.py-INFO:Top 1 - val_spe: 22 (Index: 0.9821428571428571)]
[2025-11-21 03:51:20 PM-train.py-INFO:Top 2 - val_spe: 35 (Index: 0.9821428571428571)]
[2025-11-21 03:51:20 PM-train.py-INFO:Top 3 - val_spe: 9 (Index: 0.9732142857142857)]
[2025-11-21 03:51:49 PM-train.py-INFO:
 valid/acc:0.7935779816513762 
 valid/specificity:0.8303571428571429 
 confusion_matrix:[[93 19]
 [26 80]] 
]
[2025-11-21 03:52:17 PM-train.py-INFO:
 valid/acc:0.8669724770642202 
 valid/specificity:0.8660714285714286 
 confusion_matrix:[[97 15]
 [14 92]] 
]
[2025-11-21 03:52:45 PM-train.py-INFO:
 valid/acc:0.8807339449541285 
 valid/specificity:0.8660714285714286 
 confusion_matrix:[[97 15]
 [11 95]] 
]
[2025-11-21 03:53:13 PM-train.py-INFO:
 valid/acc:0.8669724770642202 
 valid/specificity:0.8571428571428571 
 confusion_matrix:[[96 16]
 [13 93]] 
]
[2025-11-21 03:53:41 PM-train.py-INFO:
 valid/acc:0.8394495412844036 
 valid/specificity:0.7857142857142857 
 confusion_matrix:[[88 24]
 [11 95]] 
]
[2025-11-21 03:54:10 PM-train.py-INFO:
 valid/acc:0.8532110091743119 
 valid/specificity:0.8392857142857143 
 confusion_matrix:[[94 18]
 [14 92]] 
]
[2025-11-21 03:54:38 PM-train.py-INFO:
 valid/acc:0.8761467889908257 
 valid/specificity:0.8571428571428571 
 confusion_matrix:[[96 16]
 [11 95]] 
]
[2025-11-21 03:55:06 PM-train.py-INFO:
 valid/acc:0.8715596330275229 
 valid/specificity:0.875 
 confusion_matrix:[[98 14]
 [14 92]] 
]
[2025-11-21 03:55:34 PM-train.py-INFO:
 valid/acc:0.8899082568807339 
 valid/specificity:0.8571428571428571 
 confusion_matrix:[[96 16]
 [ 8 98]] 
]
[2025-11-21 03:56:02 PM-train.py-INFO:
 valid/acc:0.8990825688073395 
 valid/specificity:0.9017857142857143 
 confusion_matrix:[[101  11]
 [ 11  95]] 
]
[2025-11-21 03:56:30 PM-train.py-INFO:
 valid/acc:0.8761467889908257 
 valid/specificity:0.8928571428571429 
 confusion_matrix:[[100  12]
 [ 15  91]] 
]
[2025-11-21 03:56:58 PM-train.py-INFO:
 valid/acc:0.8944954128440367 
 valid/specificity:0.875 
 confusion_matrix:[[98 14]
 [ 9 97]] 
]
[2025-11-21 03:57:26 PM-train.py-INFO:
 valid/acc:0.8899082568807339 
 valid/specificity:0.8571428571428571 
 confusion_matrix:[[96 16]
 [ 8 98]] 
]
[2025-11-21 03:57:54 PM-train.py-INFO:
 valid/acc:0.8761467889908257 
 valid/specificity:0.8571428571428571 
 confusion_matrix:[[96 16]
 [11 95]] 
]
[2025-11-21 03:58:22 PM-train.py-INFO:
 valid/acc:0.8990825688073395 
 valid/specificity:0.8839285714285714 
 confusion_matrix:[[99 13]
 [ 9 97]] 
]
[2025-11-21 03:58:50 PM-train.py-INFO:
 valid/acc:0.8944954128440367 
 valid/specificity:0.8839285714285714 
 confusion_matrix:[[99 13]
 [10 96]] 
]
[2025-11-21 03:59:18 PM-train.py-INFO:
 valid/acc:0.8944954128440367 
 valid/specificity:0.8839285714285714 
 confusion_matrix:[[99 13]
 [10 96]] 
]
[2025-11-21 03:59:46 PM-train.py-INFO:
 valid/acc:0.8944954128440367 
 valid/specificity:0.8839285714285714 
 confusion_matrix:[[99 13]
 [10 96]] 
]
[2025-11-21 04:00:14 PM-train.py-INFO:
 valid/acc:0.8944954128440367 
 valid/specificity:0.8839285714285714 
 confusion_matrix:[[99 13]
 [10 96]] 
]
[2025-11-21 04:00:42 PM-train.py-INFO:
 valid/acc:0.8944954128440367 
 valid/specificity:0.8839285714285714 
 confusion_matrix:[[99 13]
 [10 96]] 
]
[2025-11-21 04:00:42 PM-train.py-INFO:Top 1 - val_acc: 95 (Index: 0.9036697247706422)]
[2025-11-21 04:00:42 PM-train.py-INFO:Top 2 - val_acc: 106 (Index: 0.9036697247706422)]
[2025-11-21 04:00:42 PM-train.py-INFO:Top 3 - val_acc: 142 (Index: 0.9036697247706422)]
[2025-11-21 04:00:42 PM-train.py-INFO:Top 1 - val_spe: 4 (Index: 0.9821428571428571)]
[2025-11-21 04:00:42 PM-train.py-INFO:Top 2 - val_spe: 12 (Index: 0.9732142857142857)]
[2025-11-21 04:00:42 PM-train.py-INFO:Top 3 - val_spe: 0 (Index: 0.9375)]
[2025-11-21 04:01:11 PM-train.py-INFO:
 valid/acc:0.8486238532110092 
 valid/specificity:0.8378378378378378 
 confusion_matrix:[[93 18]
 [15 92]] 
]
[2025-11-21 04:01:39 PM-train.py-INFO:
 valid/acc:0.8623853211009175 
 valid/specificity:0.8468468468468469 
 confusion_matrix:[[94 17]
 [13 94]] 
]
[2025-11-21 04:02:07 PM-train.py-INFO:
 valid/acc:0.8669724770642202 
 valid/specificity:0.8558558558558559 
 confusion_matrix:[[95 16]
 [13 94]] 
]
[2025-11-21 04:02:35 PM-train.py-INFO:
 valid/acc:0.8899082568807339 
 valid/specificity:0.8918918918918919 
 confusion_matrix:[[99 12]
 [12 95]] 
]
[2025-11-21 04:03:03 PM-train.py-INFO:
 valid/acc:0.8715596330275229 
 valid/specificity:0.8918918918918919 
 confusion_matrix:[[99 12]
 [16 91]] 
]
[2025-11-21 04:03:31 PM-train.py-INFO:
 valid/acc:0.8807339449541285 
 valid/specificity:0.8828828828828829 
 confusion_matrix:[[98 13]
 [13 94]] 
]
[2025-11-21 04:03:58 PM-train.py-INFO:
 valid/acc:0.8669724770642202 
 valid/specificity:0.9459459459459459 
 confusion_matrix:[[105   6]
 [ 23  84]] 
]
[2025-11-21 04:04:26 PM-train.py-INFO:
 valid/acc:0.8623853211009175 
 valid/specificity:0.9279279279279279 
 confusion_matrix:[[103   8]
 [ 22  85]] 
]
[2025-11-21 04:04:55 PM-train.py-INFO:
 valid/acc:0.8715596330275229 
 valid/specificity:0.9279279279279279 
 confusion_matrix:[[103   8]
 [ 20  87]] 
]
[2025-11-21 04:05:23 PM-train.py-INFO:
 valid/acc:0.8853211009174312 
 valid/specificity:0.8558558558558559 
 confusion_matrix:[[95 16]
 [ 9 98]] 
]
[2025-11-21 04:05:51 PM-train.py-INFO:
 valid/acc:0.8853211009174312 
 valid/specificity:0.9009009009009009 
 confusion_matrix:[[100  11]
 [ 14  93]] 
]
[2025-11-21 04:06:19 PM-train.py-INFO:
 valid/acc:0.8715596330275229 
 valid/specificity:0.8738738738738738 
 confusion_matrix:[[97 14]
 [14 93]] 
]
[2025-11-21 04:06:47 PM-train.py-INFO:
 valid/acc:0.8669724770642202 
 valid/specificity:0.8918918918918919 
 confusion_matrix:[[99 12]
 [17 90]] 
]
[2025-11-21 04:07:15 PM-train.py-INFO:
 valid/acc:0.8944954128440367 
 valid/specificity:0.8918918918918919 
 confusion_matrix:[[99 12]
 [11 96]] 
]
[2025-11-21 04:07:43 PM-train.py-INFO:
 valid/acc:0.8807339449541285 
 valid/specificity:0.8918918918918919 
 confusion_matrix:[[99 12]
 [14 93]] 
]
[2025-11-21 04:08:11 PM-train.py-INFO:
 valid/acc:0.8807339449541285 
 valid/specificity:0.8828828828828829 
 confusion_matrix:[[98 13]
 [13 94]] 
]
[2025-11-21 04:08:39 PM-train.py-INFO:
 valid/acc:0.8853211009174312 
 valid/specificity:0.8828828828828829 
 confusion_matrix:[[98 13]
 [12 95]] 
]
[2025-11-21 04:09:07 PM-train.py-INFO:
 valid/acc:0.8853211009174312 
 valid/specificity:0.8828828828828829 
 confusion_matrix:[[98 13]
 [12 95]] 
]
[2025-11-21 04:09:35 PM-train.py-INFO:
 valid/acc:0.8807339449541285 
 valid/specificity:0.8918918918918919 
 confusion_matrix:[[99 12]
 [14 93]] 
]
[2025-11-21 04:10:03 PM-train.py-INFO:
 valid/acc:0.8807339449541285 
 valid/specificity:0.8918918918918919 
 confusion_matrix:[[99 12]
 [14 93]] 
]
[2025-11-21 04:10:03 PM-train.py-INFO:Top 1 - val_acc: 92 (Index: 0.8990825688073395)]
[2025-11-21 04:10:03 PM-train.py-INFO:Top 2 - val_acc: 71 (Index: 0.8944954128440367)]
[2025-11-21 04:10:03 PM-train.py-INFO:Top 3 - val_acc: 139 (Index: 0.8944954128440367)]
[2025-11-21 04:10:03 PM-train.py-INFO:Top 1 - val_spe: 2 (Index: 1.0)]
[2025-11-21 04:10:03 PM-train.py-INFO:Top 2 - val_spe: 101 (Index: 0.972972972972973)]
[2025-11-21 04:10:03 PM-train.py-INFO:Top 3 - val_spe: 47 (Index: 0.9459459459459459)]
[2025-11-21 04:10:32 PM-train.py-INFO:
 valid/acc:0.7522935779816514 
 valid/specificity:0.8828828828828829 
 confusion_matrix:[[98 13]
 [41 66]] 
]
[2025-11-21 04:11:01 PM-train.py-INFO:
 valid/acc:0.8440366972477065 
 valid/specificity:0.9369369369369369 
 confusion_matrix:[[104   7]
 [ 27  80]] 
]
[2025-11-21 04:11:29 PM-train.py-INFO:
 valid/acc:0.908256880733945 
 valid/specificity:0.8828828828828829 
 confusion_matrix:[[ 98  13]
 [  7 100]] 
]
[2025-11-21 04:11:57 PM-train.py-INFO:
 valid/acc:0.8715596330275229 
 valid/specificity:0.918918918918919 
 confusion_matrix:[[102   9]
 [ 19  88]] 
]
[2025-11-21 04:12:26 PM-train.py-INFO:
 valid/acc:0.8899082568807339 
 valid/specificity:0.9099099099099099 
 confusion_matrix:[[101  10]
 [ 14  93]] 
]
[2025-11-21 04:12:54 PM-train.py-INFO:
 valid/acc:0.9220183486238532 
 valid/specificity:0.918918918918919 
 confusion_matrix:[[102   9]
 [  8  99]] 
]
[2025-11-21 04:13:22 PM-train.py-INFO:
 valid/acc:0.908256880733945 
 valid/specificity:0.9099099099099099 
 confusion_matrix:[[101  10]
 [ 10  97]] 
]
[2025-11-21 04:13:50 PM-train.py-INFO:
 valid/acc:0.9036697247706422 
 valid/specificity:0.918918918918919 
 confusion_matrix:[[102   9]
 [ 12  95]] 
]
[2025-11-21 04:14:18 PM-train.py-INFO:
 valid/acc:0.9036697247706422 
 valid/specificity:0.8918918918918919 
 confusion_matrix:[[99 12]
 [ 9 98]] 
]
[2025-11-21 04:14:49 PM-train.py-INFO:
 valid/acc:0.9174311926605505 
 valid/specificity:0.9099099099099099 
 confusion_matrix:[[101  10]
 [  8  99]] 
]
[2025-11-21 04:15:20 PM-train.py-INFO:
 valid/acc:0.8899082568807339 
 valid/specificity:0.8918918918918919 
 confusion_matrix:[[99 12]
 [12 95]] 
]
[2025-11-21 04:15:52 PM-train.py-INFO:
 valid/acc:0.9128440366972477 
 valid/specificity:0.918918918918919 
 confusion_matrix:[[102   9]
 [ 10  97]] 
]
[2025-11-21 04:16:26 PM-train.py-INFO:
 valid/acc:0.8990825688073395 
 valid/specificity:0.8648648648648649 
 confusion_matrix:[[ 96  15]
 [  7 100]] 
]
[2025-11-21 04:16:58 PM-train.py-INFO:
 valid/acc:0.9036697247706422 
 valid/specificity:0.9009009009009009 
 confusion_matrix:[[100  11]
 [ 10  97]] 
]
[2025-11-21 04:17:30 PM-train.py-INFO:
 valid/acc:0.9128440366972477 
 valid/specificity:0.918918918918919 
 confusion_matrix:[[102   9]
 [ 10  97]] 
]
[2025-11-21 04:18:03 PM-train.py-INFO:
 valid/acc:0.9036697247706422 
 valid/specificity:0.9009009009009009 
 confusion_matrix:[[100  11]
 [ 10  97]] 
]
[2025-11-21 04:18:34 PM-train.py-INFO:
 valid/acc:0.9128440366972477 
 valid/specificity:0.9099099099099099 
 confusion_matrix:[[101  10]
 [  9  98]] 
]
[2025-11-21 04:19:04 PM-train.py-INFO:
 valid/acc:0.908256880733945 
 valid/specificity:0.9009009009009009 
 confusion_matrix:[[100  11]
 [  9  98]] 
]
[2025-11-21 04:19:36 PM-train.py-INFO:
 valid/acc:0.9174311926605505 
 valid/specificity:0.9279279279279279 
 confusion_matrix:[[103   8]
 [ 10  97]] 
]
[2025-11-21 04:20:08 PM-train.py-INFO:
 valid/acc:0.9128440366972477 
 valid/specificity:0.9099099099099099 
 confusion_matrix:[[101  10]
 [  9  98]] 
]
[2025-11-21 04:20:08 PM-train.py-INFO:Top 1 - val_acc: 67 (Index: 0.9311926605504587)]
[2025-11-21 04:20:08 PM-train.py-INFO:Top 2 - val_acc: 84 (Index: 0.9311926605504587)]
[2025-11-21 04:20:08 PM-train.py-INFO:Top 3 - val_acc: 126 (Index: 0.9311926605504587)]
[2025-11-21 04:20:08 PM-train.py-INFO:Top 1 - val_spe: 3 (Index: 1.0)]
[2025-11-21 04:20:08 PM-train.py-INFO:Top 2 - val_spe: 46 (Index: 0.963963963963964)]
[2025-11-21 04:20:08 PM-train.py-INFO:Top 3 - val_spe: 6 (Index: 0.954954954954955)]
[2025-11-21 04:20:41 PM-train.py-INFO:
 valid/acc:0.8165137614678899 
 valid/specificity:0.8648648648648649 
 confusion_matrix:[[96 15]
 [25 82]] 
]
[2025-11-21 04:21:13 PM-train.py-INFO:
 valid/acc:0.8165137614678899 
 valid/specificity:0.918918918918919 
 confusion_matrix:[[102   9]
 [ 31  76]] 
]
[2025-11-21 04:21:46 PM-train.py-INFO:
 valid/acc:0.8532110091743119 
 valid/specificity:0.8468468468468469 
 confusion_matrix:[[94 17]
 [15 92]] 
]
[2025-11-21 04:22:18 PM-train.py-INFO:
 valid/acc:0.8532110091743119 
 valid/specificity:0.9009009009009009 
 confusion_matrix:[[100  11]
 [ 21  86]] 
]
[2025-11-21 04:22:50 PM-train.py-INFO:
 valid/acc:0.8119266055045872 
 valid/specificity:0.9459459459459459 
 confusion_matrix:[[105   6]
 [ 35  72]] 
]
[2025-11-21 04:23:23 PM-train.py-INFO:
 valid/acc:0.8853211009174312 
 valid/specificity:0.9369369369369369 
 confusion_matrix:[[104   7]
 [ 18  89]] 
]
[2025-11-21 04:23:55 PM-train.py-INFO:
 valid/acc:0.8853211009174312 
 valid/specificity:0.9099099099099099 
 confusion_matrix:[[101  10]
 [ 15  92]] 
]
[2025-11-21 04:24:27 PM-train.py-INFO:
 valid/acc:0.8302752293577982 
 valid/specificity:0.9099099099099099 
 confusion_matrix:[[101  10]
 [ 27  80]] 
]
[2025-11-21 04:24:59 PM-train.py-INFO:
 valid/acc:0.8669724770642202 
 valid/specificity:0.9279279279279279 
 confusion_matrix:[[103   8]
 [ 21  86]] 
]
[2025-11-21 04:25:31 PM-train.py-INFO:
 valid/acc:0.8990825688073395 
 valid/specificity:0.918918918918919 
 confusion_matrix:[[102   9]
 [ 13  94]] 
]
[2025-11-21 04:26:03 PM-train.py-INFO:
 valid/acc:0.8853211009174312 
 valid/specificity:0.918918918918919 
 confusion_matrix:[[102   9]
 [ 16  91]] 
]
[2025-11-21 04:26:35 PM-train.py-INFO:
 valid/acc:0.8807339449541285 
 valid/specificity:0.9099099099099099 
 confusion_matrix:[[101  10]
 [ 16  91]] 
]
[2025-11-21 04:27:07 PM-train.py-INFO:
 valid/acc:0.8807339449541285 
 valid/specificity:0.918918918918919 
 confusion_matrix:[[102   9]
 [ 17  90]] 
]
[2025-11-21 04:27:39 PM-train.py-INFO:
 valid/acc:0.8944954128440367 
 valid/specificity:0.9099099099099099 
 confusion_matrix:[[101  10]
 [ 13  94]] 
]
[2025-11-21 04:28:11 PM-train.py-INFO:
 valid/acc:0.8899082568807339 
 valid/specificity:0.918918918918919 
 confusion_matrix:[[102   9]
 [ 15  92]] 
]
[2025-11-21 04:28:41 PM-train.py-INFO:
 valid/acc:0.8715596330275229 
 valid/specificity:0.918918918918919 
 confusion_matrix:[[102   9]
 [ 19  88]] 
]
[2025-11-21 04:29:13 PM-train.py-INFO:
 valid/acc:0.8807339449541285 
 valid/specificity:0.8918918918918919 
 confusion_matrix:[[99 12]
 [14 93]] 
]
[2025-11-21 04:29:45 PM-train.py-INFO:
 valid/acc:0.8807339449541285 
 valid/specificity:0.8918918918918919 
 confusion_matrix:[[99 12]
 [14 93]] 
]
[2025-11-21 04:30:17 PM-train.py-INFO:
 valid/acc:0.8807339449541285 
 valid/specificity:0.8918918918918919 
 confusion_matrix:[[99 12]
 [14 93]] 
]
[2025-11-21 04:30:49 PM-train.py-INFO:
 valid/acc:0.8807339449541285 
 valid/specificity:0.8918918918918919 
 confusion_matrix:[[99 12]
 [14 93]] 
]
[2025-11-21 04:30:49 PM-train.py-INFO:Top 1 - val_acc: 101 (Index: 0.9174311926605505)]
[2025-11-21 04:30:49 PM-train.py-INFO:Top 2 - val_acc: 97 (Index: 0.908256880733945)]
[2025-11-21 04:30:49 PM-train.py-INFO:Top 3 - val_acc: 103 (Index: 0.908256880733945)]
[2025-11-21 04:30:49 PM-train.py-INFO:Top 1 - val_spe: 12 (Index: 0.972972972972973)]
[2025-11-21 04:30:49 PM-train.py-INFO:Top 2 - val_spe: 15 (Index: 0.972972972972973)]
[2025-11-21 04:30:49 PM-train.py-INFO:Top 3 - val_spe: 58 (Index: 0.954954954954955)]
[2025-12-02 10:23:33 AM-train.py-INFO:
 valid/acc:0.6170212765957447 
 valid/specificity:0.7083333333333334 
 confusion_matrix:[[17  7]
 [11 12]] 
]
[2025-12-02 10:23:50 AM-train.py-INFO:
 valid/acc:0.6595744680851063 
 valid/specificity:0.75 
 confusion_matrix:[[18  6]
 [10 13]] 
]
[2025-12-02 10:24:05 AM-train.py-INFO:
 valid/acc:0.7021276595744681 
 valid/specificity:0.8333333333333334 
 confusion_matrix:[[20  4]
 [10 13]] 
]
[2025-12-02 10:24:23 AM-train.py-INFO:
 valid/acc:0.7021276595744681 
 valid/specificity:0.625 
 confusion_matrix:[[15  9]
 [ 5 18]] 
]
[2025-12-02 10:24:41 AM-train.py-INFO:
 valid/acc:0.6170212765957447 
 valid/specificity:0.6666666666666666 
 confusion_matrix:[[16  8]
 [10 13]] 
]
[2025-12-02 10:24:59 AM-train.py-INFO:
 valid/acc:0.6170212765957447 
 valid/specificity:0.5833333333333334 
 confusion_matrix:[[14 10]
 [ 8 15]] 
]
[2025-12-02 10:25:18 AM-train.py-INFO:
 valid/acc:0.6382978723404256 
 valid/specificity:0.5833333333333334 
 confusion_matrix:[[14 10]
 [ 7 16]] 
]
[2025-12-02 10:25:36 AM-train.py-INFO:
 valid/acc:0.6382978723404256 
 valid/specificity:0.6666666666666666 
 confusion_matrix:[[16  8]
 [ 9 14]] 
]
[2025-12-02 10:25:55 AM-train.py-INFO:
 valid/acc:0.6808510638297872 
 valid/specificity:0.7916666666666666 
 confusion_matrix:[[19  5]
 [10 13]] 
]
[2025-12-02 10:26:12 AM-train.py-INFO:
 valid/acc:0.6170212765957447 
 valid/specificity:0.75 
 confusion_matrix:[[18  6]
 [12 11]] 
]
[2025-12-02 10:26:31 AM-train.py-INFO:
 valid/acc:0.6382978723404256 
 valid/specificity:0.6666666666666666 
 confusion_matrix:[[16  8]
 [ 9 14]] 
]
[2025-12-02 10:26:50 AM-train.py-INFO:
 valid/acc:0.6382978723404256 
 valid/specificity:0.6666666666666666 
 confusion_matrix:[[16  8]
 [ 9 14]] 
]
[2025-12-02 10:27:09 AM-train.py-INFO:
 valid/acc:0.6595744680851063 
 valid/specificity:0.625 
 confusion_matrix:[[15  9]
 [ 7 16]] 
]
[2025-12-02 10:27:28 AM-train.py-INFO:
 valid/acc:0.6595744680851063 
 valid/specificity:0.6666666666666666 
 confusion_matrix:[[16  8]
 [ 8 15]] 
]
[2025-12-02 10:27:46 AM-train.py-INFO:
 valid/acc:0.6382978723404256 
 valid/specificity:0.6666666666666666 
 confusion_matrix:[[16  8]
 [ 9 14]] 
]
[2025-12-02 10:28:03 AM-train.py-INFO:
 valid/acc:0.6382978723404256 
 valid/specificity:0.6666666666666666 
 confusion_matrix:[[16  8]
 [ 9 14]] 
]
[2025-12-02 10:28:22 AM-train.py-INFO:
 valid/acc:0.6382978723404256 
 valid/specificity:0.6666666666666666 
 confusion_matrix:[[16  8]
 [ 9 14]] 
]
[2025-12-02 10:28:40 AM-train.py-INFO:
 valid/acc:0.6170212765957447 
 valid/specificity:0.625 
 confusion_matrix:[[15  9]
 [ 9 14]] 
]
[2025-12-02 10:28:59 AM-train.py-INFO:
 valid/acc:0.6170212765957447 
 valid/specificity:0.625 
 confusion_matrix:[[15  9]
 [ 9 14]] 
]
[2025-12-02 10:29:18 AM-train.py-INFO:
 valid/acc:0.6382978723404256 
 valid/specificity:0.6666666666666666 
 confusion_matrix:[[16  8]
 [ 9 14]] 
]
[2025-12-02 10:29:18 AM-train.py-INFO:Top 1 - val_acc: 16 (Index: 0.7446808510638298)]
[2025-12-02 10:29:18 AM-train.py-INFO:Top 2 - val_acc: 17 (Index: 0.723404255319149)]
[2025-12-02 10:29:18 AM-train.py-INFO:Top 3 - val_acc: 24 (Index: 0.723404255319149)]
[2025-12-02 10:29:18 AM-train.py-INFO:Top 1 - val_spe: 0 (Index: 0.9583333333333334)]
[2025-12-02 10:29:18 AM-train.py-INFO:Top 2 - val_spe: 1 (Index: 0.9583333333333334)]
[2025-12-02 10:29:18 AM-train.py-INFO:Top 3 - val_spe: 21 (Index: 0.875)]
[2025-12-02 10:29:39 AM-train.py-INFO:
 valid/acc:0.7659574468085106 
 valid/specificity:0.6666666666666666 
 confusion_matrix:[[16  8]
 [ 3 20]] 
]
[2025-12-02 10:29:56 AM-train.py-INFO:
 valid/acc:0.6382978723404256 
 valid/specificity:0.375 
 confusion_matrix:[[ 9 15]
 [ 2 21]] 
]
[2025-12-02 10:30:13 AM-train.py-INFO:
 valid/acc:0.8297872340425532 
 valid/specificity:0.8333333333333334 
 confusion_matrix:[[20  4]
 [ 4 19]] 
]
[2025-12-02 10:30:32 AM-train.py-INFO:
 valid/acc:0.851063829787234 
 valid/specificity:0.75 
 confusion_matrix:[[18  6]
 [ 1 22]] 
]
[2025-12-02 10:30:50 AM-train.py-INFO:
 valid/acc:0.7446808510638298 
 valid/specificity:0.5833333333333334 
 confusion_matrix:[[14 10]
 [ 2 21]] 
]
[2025-12-02 10:31:08 AM-train.py-INFO:
 valid/acc:0.7021276595744681 
 valid/specificity:0.4583333333333333 
 confusion_matrix:[[11 13]
 [ 1 22]] 
]
[2025-12-02 10:31:26 AM-train.py-INFO:
 valid/acc:0.7872340425531915 
 valid/specificity:0.625 
 confusion_matrix:[[15  9]
 [ 1 22]] 
]
[2025-12-02 10:31:43 AM-train.py-INFO:
 valid/acc:0.7446808510638298 
 valid/specificity:0.5416666666666666 
 confusion_matrix:[[13 11]
 [ 1 22]] 
]
[2025-12-02 10:31:59 AM-train.py-INFO:
 valid/acc:0.7446808510638298 
 valid/specificity:0.5833333333333334 
 confusion_matrix:[[14 10]
 [ 2 21]] 
]
[2025-12-02 10:32:17 AM-train.py-INFO:
 valid/acc:0.723404255319149 
 valid/specificity:0.5416666666666666 
 confusion_matrix:[[13 11]
 [ 2 21]] 
]
[2025-12-02 10:32:35 AM-train.py-INFO:
 valid/acc:0.7446808510638298 
 valid/specificity:0.625 
 confusion_matrix:[[15  9]
 [ 3 20]] 
]
[2025-12-02 10:32:54 AM-train.py-INFO:
 valid/acc:0.723404255319149 
 valid/specificity:0.5833333333333334 
 confusion_matrix:[[14 10]
 [ 3 20]] 
]
[2025-12-02 10:33:12 AM-train.py-INFO:
 valid/acc:0.7872340425531915 
 valid/specificity:0.7083333333333334 
 confusion_matrix:[[17  7]
 [ 3 20]] 
]
[2025-12-02 10:33:31 AM-train.py-INFO:
 valid/acc:0.723404255319149 
 valid/specificity:0.625 
 confusion_matrix:[[15  9]
 [ 4 19]] 
]
[2025-12-02 10:33:48 AM-train.py-INFO:
 valid/acc:0.723404255319149 
 valid/specificity:0.625 
 confusion_matrix:[[15  9]
 [ 4 19]] 
]
[2025-12-02 10:34:04 AM-train.py-INFO:
 valid/acc:0.7446808510638298 
 valid/specificity:0.625 
 confusion_matrix:[[15  9]
 [ 3 20]] 
]
[2025-12-02 10:34:21 AM-train.py-INFO:
 valid/acc:0.7446808510638298 
 valid/specificity:0.625 
 confusion_matrix:[[15  9]
 [ 3 20]] 
]
[2025-12-02 10:34:40 AM-train.py-INFO:
 valid/acc:0.7446808510638298 
 valid/specificity:0.625 
 confusion_matrix:[[15  9]
 [ 3 20]] 
]
[2025-12-02 10:34:58 AM-train.py-INFO:
 valid/acc:0.7446808510638298 
 valid/specificity:0.625 
 confusion_matrix:[[15  9]
 [ 3 20]] 
]
[2025-12-02 10:35:17 AM-train.py-INFO:
 valid/acc:0.7446808510638298 
 valid/specificity:0.625 
 confusion_matrix:[[15  9]
 [ 3 20]] 
]
[2025-12-02 10:35:17 AM-train.py-INFO:Top 1 - val_acc: 20 (Index: 0.8936170212765957)]
[2025-12-02 10:35:17 AM-train.py-INFO:Top 2 - val_acc: 41 (Index: 0.8936170212765957)]
[2025-12-02 10:35:17 AM-train.py-INFO:Top 3 - val_acc: 48 (Index: 0.8936170212765957)]
[2025-12-02 10:35:17 AM-train.py-INFO:Top 1 - val_spe: 0 (Index: 1.0)]
[2025-12-02 10:35:17 AM-train.py-INFO:Top 2 - val_spe: 4 (Index: 0.9166666666666666)]
[2025-12-02 10:35:17 AM-train.py-INFO:Top 3 - val_spe: 20 (Index: 0.875)]
[2025-12-02 10:35:38 AM-train.py-INFO:
 valid/acc:0.7446808510638298 
 valid/specificity:0.4782608695652174 
 confusion_matrix:[[11 12]
 [ 0 24]] 
]
[2025-12-02 10:35:56 AM-train.py-INFO:
 valid/acc:0.8723404255319149 
 valid/specificity:0.7391304347826086 
 confusion_matrix:[[17  6]
 [ 0 24]] 
]
[2025-12-02 10:36:14 AM-train.py-INFO:
 valid/acc:0.7659574468085106 
 valid/specificity:0.8260869565217391 
 confusion_matrix:[[19  4]
 [ 7 17]] 
]
[2025-12-02 10:36:32 AM-train.py-INFO:
 valid/acc:0.7021276595744681 
 valid/specificity:0.7391304347826086 
 confusion_matrix:[[17  6]
 [ 8 16]] 
]
[2025-12-02 10:36:52 AM-train.py-INFO:
 valid/acc:0.723404255319149 
 valid/specificity:0.6086956521739131 
 confusion_matrix:[[14  9]
 [ 4 20]] 
]
[2025-12-02 10:37:10 AM-train.py-INFO:
 valid/acc:0.7446808510638298 
 valid/specificity:0.7391304347826086 
 confusion_matrix:[[17  6]
 [ 6 18]] 
]
[2025-12-02 10:37:30 AM-train.py-INFO:
 valid/acc:0.7021276595744681 
 valid/specificity:0.6521739130434783 
 confusion_matrix:[[15  8]
 [ 6 18]] 
]
[2025-12-02 10:37:49 AM-train.py-INFO:
 valid/acc:0.6170212765957447 
 valid/specificity:0.782608695652174 
 confusion_matrix:[[18  5]
 [13 11]] 
]
[2025-12-02 10:38:06 AM-train.py-INFO:
 valid/acc:0.6808510638297872 
 valid/specificity:0.7391304347826086 
 confusion_matrix:[[17  6]
 [ 9 15]] 
]
[2025-12-02 10:38:15 AM-train.py-INFO:
 valid/acc:0.723404255319149 
 valid/specificity:0.9130434782608695 
 confusion_matrix:[[21  2]
 [11 13]] 
]
[2025-12-02 10:38:24 AM-train.py-INFO:
 valid/acc:0.48936170212765956 
 valid/specificity:1.0 
 confusion_matrix:[[23  0]
 [24  0]] 
]
[2025-12-02 10:38:33 AM-train.py-INFO:
 valid/acc:0.48936170212765956 
 valid/specificity:1.0 
 confusion_matrix:[[23  0]
 [24  0]] 
]
[2025-12-02 10:38:41 AM-train.py-INFO:
 valid/acc:0.48936170212765956 
 valid/specificity:1.0 
 confusion_matrix:[[23  0]
 [24  0]] 
]
[2025-12-02 10:38:49 AM-train.py-INFO:
 valid/acc:0.48936170212765956 
 valid/specificity:1.0 
 confusion_matrix:[[23  0]
 [24  0]] 
]
[2025-12-02 10:38:56 AM-train.py-INFO:
 valid/acc:0.48936170212765956 
 valid/specificity:1.0 
 confusion_matrix:[[23  0]
 [24  0]] 
]
[2025-12-02 10:39:03 AM-train.py-INFO:
 valid/acc:0.48936170212765956 
 valid/specificity:1.0 
 confusion_matrix:[[23  0]
 [24  0]] 
]
[2025-12-02 10:39:10 AM-train.py-INFO:
 valid/acc:0.48936170212765956 
 valid/specificity:1.0 
 confusion_matrix:[[23  0]
 [24  0]] 
]
[2025-12-02 10:39:17 AM-train.py-INFO:
 valid/acc:0.48936170212765956 
 valid/specificity:1.0 
 confusion_matrix:[[23  0]
 [24  0]] 
]
[2025-12-02 10:39:24 AM-train.py-INFO:
 valid/acc:0.48936170212765956 
 valid/specificity:1.0 
 confusion_matrix:[[23  0]
 [24  0]] 
]
[2025-12-02 10:39:31 AM-train.py-INFO:
 valid/acc:0.48936170212765956 
 valid/specificity:1.0 
 confusion_matrix:[[23  0]
 [24  0]] 
]
[2025-12-02 10:39:31 AM-train.py-INFO:Top 1 - val_acc: 19 (Index: 0.8723404255319149)]
[2025-12-02 10:39:31 AM-train.py-INFO:Top 2 - val_acc: 18 (Index: 0.8297872340425532)]
[2025-12-02 10:39:31 AM-train.py-INFO:Top 3 - val_acc: 28 (Index: 0.8297872340425532)]
[2025-12-02 10:39:31 AM-train.py-INFO:Top 1 - val_spe: 0 (Index: 1.0)]
[2025-12-02 10:39:31 AM-train.py-INFO:Top 2 - val_spe: 1 (Index: 1.0)]
[2025-12-02 10:39:31 AM-train.py-INFO:Top 3 - val_spe: 103 (Index: 1.0)]
[2025-12-02 12:40:46 PM-train.py-INFO:
 valid/acc:0.6382978723404256 
 valid/specificity:0.75 
 confusion_matrix:[[18  6]
 [11 12]] 
]
[2025-12-02 12:40:53 PM-train.py-INFO:
 valid/acc:0.723404255319149 
 valid/specificity:0.6666666666666666 
 confusion_matrix:[[16  8]
 [ 5 18]] 
]
[2025-12-02 12:40:58 PM-train.py-INFO:
 valid/acc:0.6808510638297872 
 valid/specificity:0.6666666666666666 
 confusion_matrix:[[16  8]
 [ 7 16]] 
]
[2025-12-02 12:41:04 PM-train.py-INFO:
 valid/acc:0.7021276595744681 
 valid/specificity:0.75 
 confusion_matrix:[[18  6]
 [ 8 15]] 
]
[2025-12-02 12:41:10 PM-train.py-INFO:
 valid/acc:0.7446808510638298 
 valid/specificity:0.6666666666666666 
 confusion_matrix:[[16  8]
 [ 4 19]] 
]
[2025-12-02 12:41:16 PM-train.py-INFO:
 valid/acc:0.6808510638297872 
 valid/specificity:0.5416666666666666 
 confusion_matrix:[[13 11]
 [ 4 19]] 
]
[2025-12-02 12:41:22 PM-train.py-INFO:
 valid/acc:0.7021276595744681 
 valid/specificity:0.6666666666666666 
 confusion_matrix:[[16  8]
 [ 6 17]] 
]
[2025-12-02 12:41:27 PM-train.py-INFO:
 valid/acc:0.5106382978723404 
 valid/specificity:1.0 
 confusion_matrix:[[24  0]
 [23  0]] 
]
[2025-12-02 12:41:33 PM-train.py-INFO:
 valid/acc:0.5106382978723404 
 valid/specificity:1.0 
 confusion_matrix:[[24  0]
 [23  0]] 
]
[2025-12-02 12:41:38 PM-train.py-INFO:
 valid/acc:0.5106382978723404 
 valid/specificity:1.0 
 confusion_matrix:[[24  0]
 [23  0]] 
]
[2025-12-02 12:41:44 PM-train.py-INFO:
 valid/acc:0.5106382978723404 
 valid/specificity:1.0 
 confusion_matrix:[[24  0]
 [23  0]] 
]
[2025-12-02 12:41:50 PM-train.py-INFO:
 valid/acc:0.5106382978723404 
 valid/specificity:1.0 
 confusion_matrix:[[24  0]
 [23  0]] 
]
[2025-12-02 12:41:55 PM-train.py-INFO:
 valid/acc:0.5106382978723404 
 valid/specificity:1.0 
 confusion_matrix:[[24  0]
 [23  0]] 
]
[2025-12-02 12:42:01 PM-train.py-INFO:
 valid/acc:0.5106382978723404 
 valid/specificity:1.0 
 confusion_matrix:[[24  0]
 [23  0]] 
]
[2025-12-02 12:42:07 PM-train.py-INFO:
 valid/acc:0.5106382978723404 
 valid/specificity:1.0 
 confusion_matrix:[[24  0]
 [23  0]] 
]
[2025-12-02 12:42:12 PM-train.py-INFO:
 valid/acc:0.5106382978723404 
 valid/specificity:1.0 
 confusion_matrix:[[24  0]
 [23  0]] 
]
[2025-12-02 12:42:18 PM-train.py-INFO:
 valid/acc:0.5106382978723404 
 valid/specificity:1.0 
 confusion_matrix:[[24  0]
 [23  0]] 
]
[2025-12-02 12:42:23 PM-train.py-INFO:
 valid/acc:0.5106382978723404 
 valid/specificity:1.0 
 confusion_matrix:[[24  0]
 [23  0]] 
]
[2025-12-02 12:42:29 PM-train.py-INFO:
 valid/acc:0.5106382978723404 
 valid/specificity:1.0 
 confusion_matrix:[[24  0]
 [23  0]] 
]
[2025-12-02 12:42:35 PM-train.py-INFO:
 valid/acc:0.5106382978723404 
 valid/specificity:1.0 
 confusion_matrix:[[24  0]
 [23  0]] 
]
[2025-12-02 12:42:35 PM-train.py-INFO:Top 1 - val_acc: 67 (Index: 0.7872340425531915)]
[2025-12-02 12:42:35 PM-train.py-INFO:Top 2 - val_acc: 74 (Index: 0.7872340425531915)]
[2025-12-02 12:42:35 PM-train.py-INFO:Top 3 - val_acc: 41 (Index: 0.7659574468085106)]
[2025-12-02 12:42:35 PM-train.py-INFO:Top 1 - val_spe: 0 (Index: 1.0)]
[2025-12-02 12:42:35 PM-train.py-INFO:Top 2 - val_spe: 2 (Index: 1.0)]
[2025-12-02 12:42:35 PM-train.py-INFO:Top 3 - val_spe: 79 (Index: 1.0)]
[2025-12-02 12:42:41 PM-train.py-INFO:
 valid/acc:0.7446808510638298 
 valid/specificity:0.5833333333333334 
 confusion_matrix:[[14 10]
 [ 2 21]] 
]
[2025-12-02 12:42:47 PM-train.py-INFO:
 valid/acc:0.7446808510638298 
 valid/specificity:0.5833333333333334 
 confusion_matrix:[[14 10]
 [ 2 21]] 
]
[2025-12-02 12:42:53 PM-train.py-INFO:
 valid/acc:0.723404255319149 
 valid/specificity:0.5416666666666666 
 confusion_matrix:[[13 11]
 [ 2 21]] 
]
[2025-12-02 12:42:58 PM-train.py-INFO:
 valid/acc:0.723404255319149 
 valid/specificity:0.5416666666666666 
 confusion_matrix:[[13 11]
 [ 2 21]] 
]
[2025-12-02 12:43:04 PM-train.py-INFO:
 valid/acc:0.7446808510638298 
 valid/specificity:0.7916666666666666 
 confusion_matrix:[[19  5]
 [ 7 16]] 
]
[2025-12-02 12:43:09 PM-train.py-INFO:
 valid/acc:0.723404255319149 
 valid/specificity:0.7916666666666666 
 confusion_matrix:[[19  5]
 [ 8 15]] 
]
[2025-12-02 12:43:15 PM-train.py-INFO:
 valid/acc:0.723404255319149 
 valid/specificity:0.75 
 confusion_matrix:[[18  6]
 [ 7 16]] 
]
[2025-12-02 12:43:21 PM-train.py-INFO:
 valid/acc:0.7021276595744681 
 valid/specificity:0.5416666666666666 
 confusion_matrix:[[13 11]
 [ 3 20]] 
]
[2025-12-02 12:43:26 PM-train.py-INFO:
 valid/acc:0.5106382978723404 
 valid/specificity:1.0 
 confusion_matrix:[[24  0]
 [23  0]] 
]
[2025-12-02 12:43:32 PM-train.py-INFO:
 valid/acc:0.5106382978723404 
 valid/specificity:1.0 
 confusion_matrix:[[24  0]
 [23  0]] 
]
[2025-12-02 12:43:38 PM-train.py-INFO:
 valid/acc:0.5106382978723404 
 valid/specificity:1.0 
 confusion_matrix:[[24  0]
 [23  0]] 
]
[2025-12-02 12:43:43 PM-train.py-INFO:
 valid/acc:0.5106382978723404 
 valid/specificity:1.0 
 confusion_matrix:[[24  0]
 [23  0]] 
]
[2025-12-02 12:43:49 PM-train.py-INFO:
 valid/acc:0.5106382978723404 
 valid/specificity:1.0 
 confusion_matrix:[[24  0]
 [23  0]] 
]
[2025-12-02 12:43:54 PM-train.py-INFO:
 valid/acc:0.5106382978723404 
 valid/specificity:1.0 
 confusion_matrix:[[24  0]
 [23  0]] 
]
[2025-12-02 12:44:00 PM-train.py-INFO:
 valid/acc:0.5106382978723404 
 valid/specificity:1.0 
 confusion_matrix:[[24  0]
 [23  0]] 
]
[2025-12-02 12:44:06 PM-train.py-INFO:
 valid/acc:0.5106382978723404 
 valid/specificity:1.0 
 confusion_matrix:[[24  0]
 [23  0]] 
]
[2025-12-02 12:44:11 PM-train.py-INFO:
 valid/acc:0.5106382978723404 
 valid/specificity:1.0 
 confusion_matrix:[[24  0]
 [23  0]] 
]
[2025-12-02 12:44:17 PM-train.py-INFO:
 valid/acc:0.5106382978723404 
 valid/specificity:1.0 
 confusion_matrix:[[24  0]
 [23  0]] 
]
[2025-12-02 12:44:23 PM-train.py-INFO:
 valid/acc:0.5106382978723404 
 valid/specificity:1.0 
 confusion_matrix:[[24  0]
 [23  0]] 
]
[2025-12-02 12:44:28 PM-train.py-INFO:
 valid/acc:0.5106382978723404 
 valid/specificity:1.0 
 confusion_matrix:[[24  0]
 [23  0]] 
]
[2025-12-02 12:44:28 PM-train.py-INFO:Top 1 - val_acc: 36 (Index: 0.8297872340425532)]
[2025-12-02 12:44:28 PM-train.py-INFO:Top 2 - val_acc: 56 (Index: 0.8297872340425532)]
[2025-12-02 12:44:28 PM-train.py-INFO:Top 3 - val_acc: 23 (Index: 0.8085106382978723)]
[2025-12-02 12:44:28 PM-train.py-INFO:Top 1 - val_spe: 80 (Index: 1.0)]
[2025-12-02 12:44:28 PM-train.py-INFO:Top 2 - val_spe: 81 (Index: 1.0)]
[2025-12-02 12:44:28 PM-train.py-INFO:Top 3 - val_spe: 82 (Index: 1.0)]
[2025-12-02 12:44:35 PM-train.py-INFO:
 valid/acc:0.723404255319149 
 valid/specificity:0.782608695652174 
 confusion_matrix:[[18  5]
 [ 8 16]] 
]
[2025-12-02 12:44:40 PM-train.py-INFO:
 valid/acc:0.723404255319149 
 valid/specificity:0.5217391304347826 
 confusion_matrix:[[12 11]
 [ 2 22]] 
]
[2025-12-02 12:44:46 PM-train.py-INFO:
 valid/acc:0.723404255319149 
 valid/specificity:0.9130434782608695 
 confusion_matrix:[[21  2]
 [11 13]] 
]
[2025-12-02 12:44:52 PM-train.py-INFO:
 valid/acc:0.8936170212765957 
 valid/specificity:0.8260869565217391 
 confusion_matrix:[[19  4]
 [ 1 23]] 
]
[2025-12-02 12:44:57 PM-train.py-INFO:
 valid/acc:0.7872340425531915 
 valid/specificity:0.7391304347826086 
 confusion_matrix:[[17  6]
 [ 4 20]] 
]
[2025-12-02 12:45:03 PM-train.py-INFO:
 valid/acc:0.8085106382978723 
 valid/specificity:0.7391304347826086 
 confusion_matrix:[[17  6]
 [ 3 21]] 
]
[2025-12-02 12:45:08 PM-train.py-INFO:
 valid/acc:0.7446808510638298 
 valid/specificity:0.6956521739130435 
 confusion_matrix:[[16  7]
 [ 5 19]] 
]
[2025-12-02 12:45:14 PM-train.py-INFO:
 valid/acc:0.7021276595744681 
 valid/specificity:0.6086956521739131 
 confusion_matrix:[[14  9]
 [ 5 19]] 
]
[2025-12-02 12:45:20 PM-train.py-INFO:
 valid/acc:0.6808510638297872 
 valid/specificity:0.6086956521739131 
 confusion_matrix:[[14  9]
 [ 6 18]] 
]
[2025-12-02 12:45:25 PM-train.py-INFO:
 valid/acc:0.6382978723404256 
 valid/specificity:0.6956521739130435 
 confusion_matrix:[[16  7]
 [10 14]] 
]
[2025-12-02 12:45:31 PM-train.py-INFO:
 valid/acc:0.6808510638297872 
 valid/specificity:0.5652173913043478 
 confusion_matrix:[[13 10]
 [ 5 19]] 
]
[2025-12-02 12:45:36 PM-train.py-INFO:
 valid/acc:0.6808510638297872 
 valid/specificity:0.6521739130434783 
 confusion_matrix:[[15  8]
 [ 7 17]] 
]
[2025-12-02 12:45:42 PM-train.py-INFO:
 valid/acc:0.7021276595744681 
 valid/specificity:0.6521739130434783 
 confusion_matrix:[[15  8]
 [ 6 18]] 
]
[2025-12-02 12:45:48 PM-train.py-INFO:
 valid/acc:0.6808510638297872 
 valid/specificity:0.6086956521739131 
 confusion_matrix:[[14  9]
 [ 6 18]] 
]
[2025-12-02 12:45:53 PM-train.py-INFO:
 valid/acc:0.6808510638297872 
 valid/specificity:0.6086956521739131 
 confusion_matrix:[[14  9]
 [ 6 18]] 
]
[2025-12-02 12:45:59 PM-train.py-INFO:
 valid/acc:0.6808510638297872 
 valid/specificity:0.6086956521739131 
 confusion_matrix:[[14  9]
 [ 6 18]] 
]
[2025-12-02 12:46:05 PM-train.py-INFO:
 valid/acc:0.6808510638297872 
 valid/specificity:0.6086956521739131 
 confusion_matrix:[[14  9]
 [ 6 18]] 
]
[2025-12-02 12:46:10 PM-train.py-INFO:
 valid/acc:0.6808510638297872 
 valid/specificity:0.6086956521739131 
 confusion_matrix:[[14  9]
 [ 6 18]] 
]
[2025-12-02 12:46:16 PM-train.py-INFO:
 valid/acc:0.6808510638297872 
 valid/specificity:0.6086956521739131 
 confusion_matrix:[[14  9]
 [ 6 18]] 
]
[2025-12-02 12:46:21 PM-train.py-INFO:
 valid/acc:0.6808510638297872 
 valid/specificity:0.6086956521739131 
 confusion_matrix:[[14  9]
 [ 6 18]] 
]
[2025-12-02 12:46:21 PM-train.py-INFO:Top 1 - val_acc: 38 (Index: 0.8936170212765957)]
[2025-12-02 12:46:21 PM-train.py-INFO:Top 2 - val_acc: 39 (Index: 0.8936170212765957)]
[2025-12-02 12:46:21 PM-train.py-INFO:Top 3 - val_acc: 44 (Index: 0.8936170212765957)]
[2025-12-02 12:46:21 PM-train.py-INFO:Top 1 - val_spe: 0 (Index: 1.0)]
[2025-12-02 12:46:21 PM-train.py-INFO:Top 2 - val_spe: 22 (Index: 1.0)]
[2025-12-02 12:46:21 PM-train.py-INFO:Top 3 - val_spe: 25 (Index: 0.9130434782608695)]
[2025-12-02 12:46:28 PM-train.py-INFO:
 valid/acc:0.7446808510638298 
 valid/specificity:0.6521739130434783 
 confusion_matrix:[[15  8]
 [ 4 20]] 
]
[2025-12-02 12:46:34 PM-train.py-INFO:
 valid/acc:0.723404255319149 
 valid/specificity:0.782608695652174 
 confusion_matrix:[[18  5]
 [ 8 16]] 
]
[2025-12-02 12:46:39 PM-train.py-INFO:
 valid/acc:0.723404255319149 
 valid/specificity:0.5652173913043478 
 confusion_matrix:[[13 10]
 [ 3 21]] 
]
[2025-12-02 12:46:45 PM-train.py-INFO:
 valid/acc:0.7872340425531915 
 valid/specificity:0.8260869565217391 
 confusion_matrix:[[19  4]
 [ 6 18]] 
]
[2025-12-02 12:46:51 PM-train.py-INFO:
 valid/acc:0.7446808510638298 
 valid/specificity:0.6086956521739131 
 confusion_matrix:[[14  9]
 [ 3 21]] 
]
[2025-12-02 12:46:56 PM-train.py-INFO:
 valid/acc:0.7659574468085106 
 valid/specificity:0.782608695652174 
 confusion_matrix:[[18  5]
 [ 6 18]] 
]
[2025-12-02 12:47:02 PM-train.py-INFO:
 valid/acc:0.723404255319149 
 valid/specificity:0.782608695652174 
 confusion_matrix:[[18  5]
 [ 8 16]] 
]
[2025-12-02 12:47:08 PM-train.py-INFO:
 valid/acc:0.48936170212765956 
 valid/specificity:1.0 
 confusion_matrix:[[23  0]
 [24  0]] 
]
[2025-12-02 12:47:13 PM-train.py-INFO:
 valid/acc:0.48936170212765956 
 valid/specificity:1.0 
 confusion_matrix:[[23  0]
 [24  0]] 
]
[2025-12-02 12:47:19 PM-train.py-INFO:
 valid/acc:0.48936170212765956 
 valid/specificity:1.0 
 confusion_matrix:[[23  0]
 [24  0]] 
]
[2025-12-02 12:47:24 PM-train.py-INFO:
 valid/acc:0.48936170212765956 
 valid/specificity:1.0 
 confusion_matrix:[[23  0]
 [24  0]] 
]
[2025-12-02 12:47:30 PM-train.py-INFO:
 valid/acc:0.48936170212765956 
 valid/specificity:1.0 
 confusion_matrix:[[23  0]
 [24  0]] 
]
[2025-12-02 12:47:36 PM-train.py-INFO:
 valid/acc:0.48936170212765956 
 valid/specificity:1.0 
 confusion_matrix:[[23  0]
 [24  0]] 
]
[2025-12-02 12:47:41 PM-train.py-INFO:
 valid/acc:0.48936170212765956 
 valid/specificity:1.0 
 confusion_matrix:[[23  0]
 [24  0]] 
]
[2025-12-02 12:47:47 PM-train.py-INFO:
 valid/acc:0.48936170212765956 
 valid/specificity:1.0 
 confusion_matrix:[[23  0]
 [24  0]] 
]
[2025-12-02 12:47:53 PM-train.py-INFO:
 valid/acc:0.48936170212765956 
 valid/specificity:1.0 
 confusion_matrix:[[23  0]
 [24  0]] 
]
[2025-12-02 12:47:58 PM-train.py-INFO:
 valid/acc:0.48936170212765956 
 valid/specificity:1.0 
 confusion_matrix:[[23  0]
 [24  0]] 
]
[2025-12-02 12:48:04 PM-train.py-INFO:
 valid/acc:0.48936170212765956 
 valid/specificity:1.0 
 confusion_matrix:[[23  0]
 [24  0]] 
]
[2025-12-02 12:48:10 PM-train.py-INFO:
 valid/acc:0.48936170212765956 
 valid/specificity:1.0 
 confusion_matrix:[[23  0]
 [24  0]] 
]
[2025-12-02 12:48:15 PM-train.py-INFO:
 valid/acc:0.48936170212765956 
 valid/specificity:1.0 
 confusion_matrix:[[23  0]
 [24  0]] 
]
[2025-12-02 12:48:15 PM-train.py-INFO:Top 1 - val_acc: 42 (Index: 0.8085106382978723)]
[2025-12-02 12:48:15 PM-train.py-INFO:Top 2 - val_acc: 50 (Index: 0.8085106382978723)]
[2025-12-02 12:48:15 PM-train.py-INFO:Top 3 - val_acc: 39 (Index: 0.7872340425531915)]
[2025-12-02 12:48:15 PM-train.py-INFO:Top 1 - val_spe: 1 (Index: 1.0)]
[2025-12-02 12:48:15 PM-train.py-INFO:Top 2 - val_spe: 73 (Index: 1.0)]
[2025-12-02 12:48:15 PM-train.py-INFO:Top 3 - val_spe: 74 (Index: 1.0)]
[2025-12-02 12:48:22 PM-train.py-INFO:
 valid/acc:0.723404255319149 
 valid/specificity:0.5652173913043478 
 confusion_matrix:[[13 10]
 [ 3 21]] 
]
[2025-12-02 12:48:27 PM-train.py-INFO:
 valid/acc:0.6808510638297872 
 valid/specificity:0.4782608695652174 
 confusion_matrix:[[11 12]
 [ 3 21]] 
]
[2025-12-02 12:48:33 PM-train.py-INFO:
 valid/acc:0.8085106382978723 
 valid/specificity:0.7391304347826086 
 confusion_matrix:[[17  6]
 [ 3 21]] 
]
[2025-12-02 12:48:39 PM-train.py-INFO:
 valid/acc:0.8297872340425532 
 valid/specificity:0.8695652173913043 
 confusion_matrix:[[20  3]
 [ 5 19]] 
]
[2025-12-02 12:48:44 PM-train.py-INFO:
 valid/acc:0.723404255319149 
 valid/specificity:0.8695652173913043 
 confusion_matrix:[[20  3]
 [10 14]] 
]
[2025-12-02 12:48:50 PM-train.py-INFO:
 valid/acc:0.7021276595744681 
 valid/specificity:0.7391304347826086 
 confusion_matrix:[[17  6]
 [ 8 16]] 
]
[2025-12-02 12:48:55 PM-train.py-INFO:
 valid/acc:0.7659574468085106 
 valid/specificity:0.8260869565217391 
 confusion_matrix:[[19  4]
 [ 7 17]] 
]
[2025-12-02 12:49:01 PM-train.py-INFO:
 valid/acc:0.851063829787234 
 valid/specificity:0.8260869565217391 
 confusion_matrix:[[19  4]
 [ 3 21]] 
]
[2025-12-02 12:49:07 PM-train.py-INFO:
 valid/acc:0.7659574468085106 
 valid/specificity:0.7391304347826086 
 confusion_matrix:[[17  6]
 [ 5 19]] 
]
[2025-12-02 12:49:12 PM-train.py-INFO:
 valid/acc:0.7446808510638298 
 valid/specificity:0.782608695652174 
 confusion_matrix:[[18  5]
 [ 7 17]] 
]
[2025-12-02 12:49:18 PM-train.py-INFO:
 valid/acc:0.7021276595744681 
 valid/specificity:0.6521739130434783 
 confusion_matrix:[[15  8]
 [ 6 18]] 
]
[2025-12-02 12:49:23 PM-train.py-INFO:
 valid/acc:0.7021276595744681 
 valid/specificity:0.8260869565217391 
 confusion_matrix:[[19  4]
 [10 14]] 
]
[2025-12-02 12:49:29 PM-train.py-INFO:
 valid/acc:0.6808510638297872 
 valid/specificity:0.782608695652174 
 confusion_matrix:[[18  5]
 [10 14]] 
]
[2025-12-02 12:49:35 PM-train.py-INFO:
 valid/acc:0.6808510638297872 
 valid/specificity:0.782608695652174 
 confusion_matrix:[[18  5]
 [10 14]] 
]
[2025-12-02 12:49:40 PM-train.py-INFO:
 valid/acc:0.6808510638297872 
 valid/specificity:0.782608695652174 
 confusion_matrix:[[18  5]
 [10 14]] 
]
[2025-12-02 12:49:46 PM-train.py-INFO:
 valid/acc:0.6808510638297872 
 valid/specificity:0.782608695652174 
 confusion_matrix:[[18  5]
 [10 14]] 
]
[2025-12-02 12:49:51 PM-train.py-INFO:
 valid/acc:0.6808510638297872 
 valid/specificity:0.782608695652174 
 confusion_matrix:[[18  5]
 [10 14]] 
]
[2025-12-02 12:49:57 PM-train.py-INFO:
 valid/acc:0.6808510638297872 
 valid/specificity:0.782608695652174 
 confusion_matrix:[[18  5]
 [10 14]] 
]
[2025-12-02 12:50:03 PM-train.py-INFO:
 valid/acc:0.6808510638297872 
 valid/specificity:0.782608695652174 
 confusion_matrix:[[18  5]
 [10 14]] 
]
[2025-12-02 12:50:08 PM-train.py-INFO:
 valid/acc:0.6808510638297872 
 valid/specificity:0.782608695652174 
 confusion_matrix:[[18  5]
 [10 14]] 
]
[2025-12-02 12:50:08 PM-train.py-INFO:Top 1 - val_acc: 73 (Index: 0.8723404255319149)]
[2025-12-02 12:50:08 PM-train.py-INFO:Top 2 - val_acc: 85 (Index: 0.8723404255319149)]
[2025-12-02 12:50:08 PM-train.py-INFO:Top 3 - val_acc: 79 (Index: 0.851063829787234)]
[2025-12-02 12:50:08 PM-train.py-INFO:Top 1 - val_spe: 35 (Index: 1.0)]
[2025-12-02 12:50:08 PM-train.py-INFO:Top 2 - val_spe: 1 (Index: 0.9565217391304348)]
[2025-12-02 12:50:08 PM-train.py-INFO:Top 3 - val_spe: 56 (Index: 0.9565217391304348)]
[2025-12-05 10:13:46 AM-train.py-INFO:
 valid/acc:0.8059701492537313 
 valid/specificity:0.5416666666666666 
 confusion_matrix:[[13 11]
 [ 2 41]] 
]
[2025-12-05 10:13:54 AM-train.py-INFO:
 valid/acc:0.8059701492537313 
 valid/specificity:0.625 
 confusion_matrix:[[15  9]
 [ 4 39]] 
]
[2025-12-05 10:14:02 AM-train.py-INFO:
 valid/acc:0.7761194029850746 
 valid/specificity:0.5416666666666666 
 confusion_matrix:[[13 11]
 [ 4 39]] 
]
[2025-12-05 10:14:10 AM-train.py-INFO:
 valid/acc:0.8059701492537313 
 valid/specificity:0.875 
 confusion_matrix:[[21  3]
 [10 33]] 
]
[2025-12-05 10:14:18 AM-train.py-INFO:
 valid/acc:0.8059701492537313 
 valid/specificity:0.6666666666666666 
 confusion_matrix:[[16  8]
 [ 5 38]] 
]
[2025-12-05 10:14:26 AM-train.py-INFO:
 valid/acc:0.8805970149253731 
 valid/specificity:0.7916666666666666 
 confusion_matrix:[[19  5]
 [ 3 40]] 
]
[2025-12-05 10:14:34 AM-train.py-INFO:
 valid/acc:0.835820895522388 
 valid/specificity:0.7083333333333334 
 confusion_matrix:[[17  7]
 [ 4 39]] 
]
[2025-12-05 10:14:42 AM-train.py-INFO:
 valid/acc:0.8208955223880597 
 valid/specificity:0.7083333333333334 
 confusion_matrix:[[17  7]
 [ 5 38]] 
]
[2025-12-05 10:14:50 AM-train.py-INFO:
 valid/acc:0.8208955223880597 
 valid/specificity:0.7083333333333334 
 confusion_matrix:[[17  7]
 [ 5 38]] 
]
[2025-12-05 10:14:58 AM-train.py-INFO:
 valid/acc:0.8208955223880597 
 valid/specificity:0.7083333333333334 
 confusion_matrix:[[17  7]
 [ 5 38]] 
]
[2025-12-05 10:14:58 AM-train.py-INFO:Top 1 - val_acc: 57 (Index: 0.8955223880597015)]
[2025-12-05 10:14:58 AM-train.py-INFO:Top 2 - val_acc: 64 (Index: 0.8955223880597015)]
[2025-12-05 10:14:58 AM-train.py-INFO:Top 3 - val_acc: 59 (Index: 0.8805970149253731)]
[2025-12-05 10:14:58 AM-train.py-INFO:Top 1 - val_spe: 57 (Index: 0.9166666666666666)]
[2025-12-05 10:14:58 AM-train.py-INFO:Top 2 - val_spe: 39 (Index: 0.875)]
[2025-12-05 10:14:58 AM-train.py-INFO:Top 3 - val_spe: 64 (Index: 0.875)]
[2025-12-05 10:15:07 AM-train.py-INFO:
 valid/acc:0.7164179104477612 
 valid/specificity:0.20833333333333334 
 confusion_matrix:[[ 5 19]
 [ 0 43]] 
]
[2025-12-05 10:15:15 AM-train.py-INFO:
 valid/acc:0.7611940298507462 
 valid/specificity:0.5833333333333334 
 confusion_matrix:[[14 10]
 [ 6 37]] 
]
[2025-12-05 10:15:24 AM-train.py-INFO:
 valid/acc:0.3582089552238806 
 valid/specificity:1.0 
 confusion_matrix:[[24  0]
 [43  0]] 
]
[2025-12-05 10:15:32 AM-train.py-INFO:
 valid/acc:0.3582089552238806 
 valid/specificity:1.0 
 confusion_matrix:[[24  0]
 [43  0]] 
]
[2025-12-05 10:15:40 AM-train.py-INFO:
 valid/acc:0.3582089552238806 
 valid/specificity:1.0 
 confusion_matrix:[[24  0]
 [43  0]] 
]
[2025-12-05 10:15:48 AM-train.py-INFO:
 valid/acc:0.3582089552238806 
 valid/specificity:1.0 
 confusion_matrix:[[24  0]
 [43  0]] 
]
[2025-12-05 10:15:56 AM-train.py-INFO:
 valid/acc:0.3582089552238806 
 valid/specificity:1.0 
 confusion_matrix:[[24  0]
 [43  0]] 
]
[2025-12-05 10:16:04 AM-train.py-INFO:
 valid/acc:0.3582089552238806 
 valid/specificity:1.0 
 confusion_matrix:[[24  0]
 [43  0]] 
]
[2025-12-05 10:16:12 AM-train.py-INFO:
 valid/acc:0.3582089552238806 
 valid/specificity:1.0 
 confusion_matrix:[[24  0]
 [43  0]] 
]
[2025-12-05 10:16:20 AM-train.py-INFO:
 valid/acc:0.3582089552238806 
 valid/specificity:1.0 
 confusion_matrix:[[24  0]
 [43  0]] 
]
[2025-12-05 10:16:20 AM-train.py-INFO:Top 1 - val_acc: 10 (Index: 0.7910447761194029)]
[2025-12-05 10:16:20 AM-train.py-INFO:Top 2 - val_acc: 13 (Index: 0.7910447761194029)]
[2025-12-05 10:16:20 AM-train.py-INFO:Top 3 - val_acc: 14 (Index: 0.7761194029850746)]
[2025-12-05 10:16:20 AM-train.py-INFO:Top 1 - val_spe: 26 (Index: 1.0)]
[2025-12-05 10:16:20 AM-train.py-INFO:Top 2 - val_spe: 27 (Index: 1.0)]
[2025-12-05 10:16:20 AM-train.py-INFO:Top 3 - val_spe: 28 (Index: 1.0)]
[2025-12-05 10:16:29 AM-train.py-INFO:
 valid/acc:0.746268656716418 
 valid/specificity:0.5652173913043478 
 confusion_matrix:[[13 10]
 [ 7 37]] 
]
[2025-12-05 10:16:37 AM-train.py-INFO:
 valid/acc:0.8208955223880597 
 valid/specificity:0.6086956521739131 
 confusion_matrix:[[14  9]
 [ 3 41]] 
]
[2025-12-05 10:16:46 AM-train.py-INFO:
 valid/acc:0.746268656716418 
 valid/specificity:0.6956521739130435 
 confusion_matrix:[[16  7]
 [10 34]] 
]
[2025-12-05 10:16:54 AM-train.py-INFO:
 valid/acc:0.8208955223880597 
 valid/specificity:0.6956521739130435 
 confusion_matrix:[[16  7]
 [ 5 39]] 
]
[2025-12-05 10:17:02 AM-train.py-INFO:
 valid/acc:0.8208955223880597 
 valid/specificity:0.7391304347826086 
 confusion_matrix:[[17  6]
 [ 6 38]] 
]
[2025-12-05 10:17:10 AM-train.py-INFO:
 valid/acc:0.8059701492537313 
 valid/specificity:0.6956521739130435 
 confusion_matrix:[[16  7]
 [ 6 38]] 
]
[2025-12-05 10:17:18 AM-train.py-INFO:
 valid/acc:0.7910447761194029 
 valid/specificity:0.6956521739130435 
 confusion_matrix:[[16  7]
 [ 7 37]] 
]
[2025-12-05 10:17:27 AM-train.py-INFO:
 valid/acc:0.7910447761194029 
 valid/specificity:0.6956521739130435 
 confusion_matrix:[[16  7]
 [ 7 37]] 
]
[2025-12-05 10:17:35 AM-train.py-INFO:
 valid/acc:0.7910447761194029 
 valid/specificity:0.6956521739130435 
 confusion_matrix:[[16  7]
 [ 7 37]] 
]
[2025-12-05 10:17:43 AM-train.py-INFO:
 valid/acc:0.7910447761194029 
 valid/specificity:0.6956521739130435 
 confusion_matrix:[[16  7]
 [ 7 37]] 
]
[2025-12-05 10:17:43 AM-train.py-INFO:Top 1 - val_acc: 35 (Index: 0.835820895522388)]
[2025-12-05 10:17:43 AM-train.py-INFO:Top 2 - val_acc: 42 (Index: 0.835820895522388)]
[2025-12-05 10:17:43 AM-train.py-INFO:Top 3 - val_acc: 51 (Index: 0.835820895522388)]
[2025-12-05 10:17:43 AM-train.py-INFO:Top 1 - val_spe: 51 (Index: 0.8695652173913043)]
[2025-12-05 10:17:43 AM-train.py-INFO:Top 2 - val_spe: 22 (Index: 0.8260869565217391)]
[2025-12-05 10:17:43 AM-train.py-INFO:Top 3 - val_spe: 31 (Index: 0.8260869565217391)]
[2025-12-05 10:17:52 AM-train.py-INFO:
 valid/acc:0.8507462686567164 
 valid/specificity:0.6521739130434783 
 confusion_matrix:[[15  8]
 [ 2 42]] 
]
[2025-12-05 10:18:00 AM-train.py-INFO:
 valid/acc:0.8208955223880597 
 valid/specificity:0.6956521739130435 
 confusion_matrix:[[16  7]
 [ 5 39]] 
]
[2025-12-05 10:18:08 AM-train.py-INFO:
 valid/acc:0.8059701492537313 
 valid/specificity:0.782608695652174 
 confusion_matrix:[[18  5]
 [ 8 36]] 
]
[2025-12-05 10:18:16 AM-train.py-INFO:
 valid/acc:0.835820895522388 
 valid/specificity:0.782608695652174 
 confusion_matrix:[[18  5]
 [ 6 38]] 
]
[2025-12-05 10:18:25 AM-train.py-INFO:
 valid/acc:0.34328358208955223 
 valid/specificity:1.0 
 confusion_matrix:[[23  0]
 [44  0]] 
]
[2025-12-05 10:18:35 AM-train.py-INFO:
 valid/acc:0.34328358208955223 
 valid/specificity:1.0 
 confusion_matrix:[[23  0]
 [44  0]] 
]
[2025-12-05 10:18:45 AM-train.py-INFO:
 valid/acc:0.34328358208955223 
 valid/specificity:1.0 
 confusion_matrix:[[23  0]
 [44  0]] 
]
[2025-12-05 10:18:53 AM-train.py-INFO:
 valid/acc:0.34328358208955223 
 valid/specificity:1.0 
 confusion_matrix:[[23  0]
 [44  0]] 
]
[2025-12-05 10:19:01 AM-train.py-INFO:
 valid/acc:0.34328358208955223 
 valid/specificity:1.0 
 confusion_matrix:[[23  0]
 [44  0]] 
]
[2025-12-05 10:19:10 AM-train.py-INFO:
 valid/acc:0.34328358208955223 
 valid/specificity:1.0 
 confusion_matrix:[[23  0]
 [44  0]] 
]
[2025-12-05 10:19:10 AM-train.py-INFO:Top 1 - val_acc: 42 (Index: 0.8955223880597015)]
[2025-12-05 10:19:10 AM-train.py-INFO:Top 2 - val_acc: 45 (Index: 0.8955223880597015)]
[2025-12-05 10:19:10 AM-train.py-INFO:Top 3 - val_acc: 35 (Index: 0.8805970149253731)]
[2025-12-05 10:19:10 AM-train.py-INFO:Top 1 - val_spe: 48 (Index: 1.0)]
[2025-12-05 10:19:10 AM-train.py-INFO:Top 2 - val_spe: 49 (Index: 1.0)]
[2025-12-05 10:19:10 AM-train.py-INFO:Top 3 - val_spe: 50 (Index: 1.0)]
[2025-12-05 10:19:18 AM-train.py-INFO:
 valid/acc:0.6567164179104478 
 valid/specificity:0.0 
 confusion_matrix:[[ 0 23]
 [ 0 44]] 
]
[2025-12-05 10:19:26 AM-train.py-INFO:
 valid/acc:0.7611940298507462 
 valid/specificity:0.6086956521739131 
 confusion_matrix:[[14  9]
 [ 7 37]] 
]
[2025-12-05 10:19:35 AM-train.py-INFO:
 valid/acc:0.8059701492537313 
 valid/specificity:0.4782608695652174 
 confusion_matrix:[[11 12]
 [ 1 43]] 
]
[2025-12-05 10:19:43 AM-train.py-INFO:
 valid/acc:0.835820895522388 
 valid/specificity:0.8695652173913043 
 confusion_matrix:[[20  3]
 [ 8 36]] 
]
[2025-12-05 10:19:51 AM-train.py-INFO:
 valid/acc:0.8059701492537313 
 valid/specificity:0.6956521739130435 
 confusion_matrix:[[16  7]
 [ 6 38]] 
]
[2025-12-05 10:20:00 AM-train.py-INFO:
 valid/acc:0.8208955223880597 
 valid/specificity:0.7391304347826086 
 confusion_matrix:[[17  6]
 [ 6 38]] 
]
[2025-12-05 10:20:08 AM-train.py-INFO:
 valid/acc:0.835820895522388 
 valid/specificity:0.782608695652174 
 confusion_matrix:[[18  5]
 [ 6 38]] 
]
[2025-12-05 10:20:16 AM-train.py-INFO:
 valid/acc:0.8059701492537313 
 valid/specificity:0.6956521739130435 
 confusion_matrix:[[16  7]
 [ 6 38]] 
]
[2025-12-05 10:20:24 AM-train.py-INFO:
 valid/acc:0.835820895522388 
 valid/specificity:0.782608695652174 
 confusion_matrix:[[18  5]
 [ 6 38]] 
]
[2025-12-05 10:20:32 AM-train.py-INFO:
 valid/acc:0.8208955223880597 
 valid/specificity:0.7391304347826086 
 confusion_matrix:[[17  6]
 [ 6 38]] 
]
[2025-12-05 10:20:32 AM-train.py-INFO:Top 1 - val_acc: 63 (Index: 0.8805970149253731)]
[2025-12-05 10:20:32 AM-train.py-INFO:Top 2 - val_acc: 64 (Index: 0.8805970149253731)]
[2025-12-05 10:20:32 AM-train.py-INFO:Top 3 - val_acc: 66 (Index: 0.8656716417910447)]
[2025-12-05 10:20:32 AM-train.py-INFO:Top 1 - val_spe: 30 (Index: 0.9130434782608695)]
[2025-12-05 10:20:32 AM-train.py-INFO:Top 2 - val_spe: 39 (Index: 0.8695652173913043)]
[2025-12-05 10:20:32 AM-train.py-INFO:Top 3 - val_spe: 64 (Index: 0.8695652173913043)]
[2025-12-05 10:35:44 AM-train.py-INFO:
 valid/acc:0.6417910447761194 
 valid/specificity:0.0 
 confusion_matrix:[[ 0 24]
 [ 0 43]] 
]
[2025-12-05 10:35:52 AM-train.py-INFO:
 valid/acc:0.8059701492537313 
 valid/specificity:0.7916666666666666 
 confusion_matrix:[[19  5]
 [ 8 35]] 
]
[2025-12-05 10:36:00 AM-train.py-INFO:
 valid/acc:0.8656716417910447 
 valid/specificity:0.8333333333333334 
 confusion_matrix:[[20  4]
 [ 5 38]] 
]
[2025-12-05 10:36:08 AM-train.py-INFO:
 valid/acc:0.7910447761194029 
 valid/specificity:0.8333333333333334 
 confusion_matrix:[[20  4]
 [10 33]] 
]
[2025-12-05 10:36:16 AM-train.py-INFO:
 valid/acc:0.8059701492537313 
 valid/specificity:0.6666666666666666 
 confusion_matrix:[[16  8]
 [ 5 38]] 
]
[2025-12-05 10:36:24 AM-train.py-INFO:
 valid/acc:0.8059701492537313 
 valid/specificity:0.75 
 confusion_matrix:[[18  6]
 [ 7 36]] 
]
[2025-12-05 10:36:32 AM-train.py-INFO:
 valid/acc:0.8208955223880597 
 valid/specificity:0.7916666666666666 
 confusion_matrix:[[19  5]
 [ 7 36]] 
]
[2025-12-05 10:36:41 AM-train.py-INFO:
 valid/acc:0.8507462686567164 
 valid/specificity:0.75 
 confusion_matrix:[[18  6]
 [ 4 39]] 
]
[2025-12-05 10:36:49 AM-train.py-INFO:
 valid/acc:0.8059701492537313 
 valid/specificity:0.6666666666666666 
 confusion_matrix:[[16  8]
 [ 5 38]] 
]
[2025-12-05 10:36:57 AM-train.py-INFO:
 valid/acc:0.3582089552238806 
 valid/specificity:1.0 
 confusion_matrix:[[24  0]
 [43  0]] 
]
[2025-12-05 10:37:05 AM-train.py-INFO:
 valid/acc:0.3582089552238806 
 valid/specificity:1.0 
 confusion_matrix:[[24  0]
 [43  0]] 
]
[2025-12-05 10:37:13 AM-train.py-INFO:
 valid/acc:0.3582089552238806 
 valid/specificity:1.0 
 confusion_matrix:[[24  0]
 [43  0]] 
]
[2025-12-05 10:37:21 AM-train.py-INFO:
 valid/acc:0.3582089552238806 
 valid/specificity:1.0 
 confusion_matrix:[[24  0]
 [43  0]] 
]
[2025-12-05 10:37:29 AM-train.py-INFO:
 valid/acc:0.3582089552238806 
 valid/specificity:1.0 
 confusion_matrix:[[24  0]
 [43  0]] 
]
[2025-12-05 10:37:37 AM-train.py-INFO:
 valid/acc:0.3582089552238806 
 valid/specificity:1.0 
 confusion_matrix:[[24  0]
 [43  0]] 
]
[2025-12-05 10:37:45 AM-train.py-INFO:
 valid/acc:0.3582089552238806 
 valid/specificity:1.0 
 confusion_matrix:[[24  0]
 [43  0]] 
]
[2025-12-05 10:37:53 AM-train.py-INFO:
 valid/acc:0.3582089552238806 
 valid/specificity:1.0 
 confusion_matrix:[[24  0]
 [43  0]] 
]
[2025-12-05 10:38:01 AM-train.py-INFO:
 valid/acc:0.3582089552238806 
 valid/specificity:1.0 
 confusion_matrix:[[24  0]
 [43  0]] 
]
[2025-12-05 10:38:09 AM-train.py-INFO:
 valid/acc:0.3582089552238806 
 valid/specificity:1.0 
 confusion_matrix:[[24  0]
 [43  0]] 
]
[2025-12-05 10:38:17 AM-train.py-INFO:
 valid/acc:0.3582089552238806 
 valid/specificity:1.0 
 confusion_matrix:[[24  0]
 [43  0]] 
]
[2025-12-05 10:38:17 AM-train.py-INFO:Top 1 - val_acc: 50 (Index: 0.8805970149253731)]
[2025-12-05 10:38:17 AM-train.py-INFO:Top 2 - val_acc: 28 (Index: 0.8656716417910447)]
[2025-12-05 10:38:17 AM-train.py-INFO:Top 3 - val_acc: 29 (Index: 0.8656716417910447)]
[2025-12-05 10:38:17 AM-train.py-INFO:Top 1 - val_spe: 92 (Index: 1.0)]
[2025-12-05 10:38:17 AM-train.py-INFO:Top 2 - val_spe: 93 (Index: 1.0)]
[2025-12-05 10:38:17 AM-train.py-INFO:Top 3 - val_spe: 94 (Index: 1.0)]
[2025-12-05 10:38:26 AM-train.py-INFO:
 valid/acc:0.7313432835820896 
 valid/specificity:0.5 
 confusion_matrix:[[12 12]
 [ 6 37]] 
]
[2025-12-05 10:38:34 AM-train.py-INFO:
 valid/acc:0.7910447761194029 
 valid/specificity:0.5 
 confusion_matrix:[[12 12]
 [ 2 41]] 
]
[2025-12-05 10:38:42 AM-train.py-INFO:
 valid/acc:0.8208955223880597 
 valid/specificity:0.6666666666666666 
 confusion_matrix:[[16  8]
 [ 4 39]] 
]
[2025-12-05 10:38:50 AM-train.py-INFO:
 valid/acc:0.7910447761194029 
 valid/specificity:0.5416666666666666 
 confusion_matrix:[[13 11]
 [ 3 40]] 
]
[2025-12-05 10:38:58 AM-train.py-INFO:
 valid/acc:0.8059701492537313 
 valid/specificity:0.5833333333333334 
 confusion_matrix:[[14 10]
 [ 3 40]] 
]
[2025-12-05 10:39:07 AM-train.py-INFO:
 valid/acc:0.7910447761194029 
 valid/specificity:0.625 
 confusion_matrix:[[15  9]
 [ 5 38]] 
]
[2025-12-05 10:39:15 AM-train.py-INFO:
 valid/acc:0.7910447761194029 
 valid/specificity:0.5416666666666666 
 confusion_matrix:[[13 11]
 [ 3 40]] 
]
[2025-12-05 10:39:23 AM-train.py-INFO:
 valid/acc:0.8208955223880597 
 valid/specificity:0.625 
 confusion_matrix:[[15  9]
 [ 3 40]] 
]
[2025-12-05 10:39:31 AM-train.py-INFO:
 valid/acc:0.835820895522388 
 valid/specificity:0.625 
 confusion_matrix:[[15  9]
 [ 2 41]] 
]
[2025-12-05 10:39:39 AM-train.py-INFO:
 valid/acc:0.3582089552238806 
 valid/specificity:1.0 
 confusion_matrix:[[24  0]
 [43  0]] 
]
[2025-12-05 10:39:47 AM-train.py-INFO:
 valid/acc:0.3582089552238806 
 valid/specificity:1.0 
 confusion_matrix:[[24  0]
 [43  0]] 
]
[2025-12-05 10:39:55 AM-train.py-INFO:
 valid/acc:0.3582089552238806 
 valid/specificity:1.0 
 confusion_matrix:[[24  0]
 [43  0]] 
]
[2025-12-05 10:40:03 AM-train.py-INFO:
 valid/acc:0.3582089552238806 
 valid/specificity:1.0 
 confusion_matrix:[[24  0]
 [43  0]] 
]
[2025-12-05 10:40:12 AM-train.py-INFO:
 valid/acc:0.3582089552238806 
 valid/specificity:1.0 
 confusion_matrix:[[24  0]
 [43  0]] 
]
[2025-12-05 10:40:20 AM-train.py-INFO:
 valid/acc:0.3582089552238806 
 valid/specificity:1.0 
 confusion_matrix:[[24  0]
 [43  0]] 
]
[2025-12-05 10:40:28 AM-train.py-INFO:
 valid/acc:0.3582089552238806 
 valid/specificity:1.0 
 confusion_matrix:[[24  0]
 [43  0]] 
]
[2025-12-05 10:40:36 AM-train.py-INFO:
 valid/acc:0.3582089552238806 
 valid/specificity:1.0 
 confusion_matrix:[[24  0]
 [43  0]] 
]
[2025-12-05 10:40:44 AM-train.py-INFO:
 valid/acc:0.3582089552238806 
 valid/specificity:1.0 
 confusion_matrix:[[24  0]
 [43  0]] 
]
[2025-12-05 10:40:52 AM-train.py-INFO:
 valid/acc:0.3582089552238806 
 valid/specificity:1.0 
 confusion_matrix:[[24  0]
 [43  0]] 
]
[2025-12-05 10:41:00 AM-train.py-INFO:
 valid/acc:0.3582089552238806 
 valid/specificity:1.0 
 confusion_matrix:[[24  0]
 [43  0]] 
]
[2025-12-05 10:41:00 AM-train.py-INFO:Top 1 - val_acc: 60 (Index: 0.8507462686567164)]
[2025-12-05 10:41:00 AM-train.py-INFO:Top 2 - val_acc: 63 (Index: 0.8507462686567164)]
[2025-12-05 10:41:00 AM-train.py-INFO:Top 3 - val_acc: 72 (Index: 0.8507462686567164)]
[2025-12-05 10:41:00 AM-train.py-INFO:Top 1 - val_spe: 92 (Index: 1.0)]
[2025-12-05 10:41:00 AM-train.py-INFO:Top 2 - val_spe: 93 (Index: 1.0)]
[2025-12-05 10:41:00 AM-train.py-INFO:Top 3 - val_spe: 94 (Index: 1.0)]
[2025-12-05 10:41:09 AM-train.py-INFO:
 valid/acc:0.6567164179104478 
 valid/specificity:0.0 
 confusion_matrix:[[ 0 23]
 [ 0 44]] 
]
[2025-12-05 10:41:17 AM-train.py-INFO:
 valid/acc:0.7313432835820896 
 valid/specificity:0.5652173913043478 
 confusion_matrix:[[13 10]
 [ 8 36]] 
]
[2025-12-05 10:41:25 AM-train.py-INFO:
 valid/acc:0.34328358208955223 
 valid/specificity:1.0 
 confusion_matrix:[[23  0]
 [44  0]] 
]
[2025-12-05 10:41:33 AM-train.py-INFO:
 valid/acc:0.34328358208955223 
 valid/specificity:1.0 
 confusion_matrix:[[23  0]
 [44  0]] 
]
[2025-12-05 10:41:41 AM-train.py-INFO:
 valid/acc:0.34328358208955223 
 valid/specificity:1.0 
 confusion_matrix:[[23  0]
 [44  0]] 
]
[2025-12-05 10:41:49 AM-train.py-INFO:
 valid/acc:0.34328358208955223 
 valid/specificity:1.0 
 confusion_matrix:[[23  0]
 [44  0]] 
]
[2025-12-05 10:41:57 AM-train.py-INFO:
 valid/acc:0.34328358208955223 
 valid/specificity:1.0 
 confusion_matrix:[[23  0]
 [44  0]] 
]
[2025-12-05 10:42:05 AM-train.py-INFO:
 valid/acc:0.34328358208955223 
 valid/specificity:1.0 
 confusion_matrix:[[23  0]
 [44  0]] 
]
[2025-12-05 10:42:13 AM-train.py-INFO:
 valid/acc:0.34328358208955223 
 valid/specificity:1.0 
 confusion_matrix:[[23  0]
 [44  0]] 
]
[2025-12-05 10:42:21 AM-train.py-INFO:
 valid/acc:0.34328358208955223 
 valid/specificity:1.0 
 confusion_matrix:[[23  0]
 [44  0]] 
]
[2025-12-05 10:42:29 AM-train.py-INFO:
 valid/acc:0.34328358208955223 
 valid/specificity:1.0 
 confusion_matrix:[[23  0]
 [44  0]] 
]
[2025-12-05 10:42:37 AM-train.py-INFO:
 valid/acc:0.34328358208955223 
 valid/specificity:1.0 
 confusion_matrix:[[23  0]
 [44  0]] 
]
[2025-12-05 10:42:45 AM-train.py-INFO:
 valid/acc:0.34328358208955223 
 valid/specificity:1.0 
 confusion_matrix:[[23  0]
 [44  0]] 
]
[2025-12-05 10:42:53 AM-train.py-INFO:
 valid/acc:0.34328358208955223 
 valid/specificity:1.0 
 confusion_matrix:[[23  0]
 [44  0]] 
]
[2025-12-05 10:43:02 AM-train.py-INFO:
 valid/acc:0.34328358208955223 
 valid/specificity:1.0 
 confusion_matrix:[[23  0]
 [44  0]] 
]
[2025-12-05 10:43:10 AM-train.py-INFO:
 valid/acc:0.34328358208955223 
 valid/specificity:1.0 
 confusion_matrix:[[23  0]
 [44  0]] 
]
[2025-12-05 10:43:18 AM-train.py-INFO:
 valid/acc:0.34328358208955223 
 valid/specificity:1.0 
 confusion_matrix:[[23  0]
 [44  0]] 
]
[2025-12-05 10:43:26 AM-train.py-INFO:
 valid/acc:0.34328358208955223 
 valid/specificity:1.0 
 confusion_matrix:[[23  0]
 [44  0]] 
]
[2025-12-05 10:43:34 AM-train.py-INFO:
 valid/acc:0.34328358208955223 
 valid/specificity:1.0 
 confusion_matrix:[[23  0]
 [44  0]] 
]
[2025-12-05 10:43:42 AM-train.py-INFO:
 valid/acc:0.34328358208955223 
 valid/specificity:1.0 
 confusion_matrix:[[23  0]
 [44  0]] 
]
[2025-12-05 10:43:42 AM-train.py-INFO:Top 1 - val_acc: 26 (Index: 0.7611940298507462)]
[2025-12-05 10:43:42 AM-train.py-INFO:Top 2 - val_acc: 19 (Index: 0.7313432835820896)]
[2025-12-05 10:43:42 AM-train.py-INFO:Top 3 - val_acc: 21 (Index: 0.7313432835820896)]
[2025-12-05 10:43:42 AM-train.py-INFO:Top 1 - val_spe: 27 (Index: 1.0)]
[2025-12-05 10:43:42 AM-train.py-INFO:Top 2 - val_spe: 28 (Index: 1.0)]
[2025-12-05 10:43:42 AM-train.py-INFO:Top 3 - val_spe: 29 (Index: 1.0)]
[2025-12-05 10:43:51 AM-train.py-INFO:
 valid/acc:0.835820895522388 
 valid/specificity:0.6521739130434783 
 confusion_matrix:[[15  8]
 [ 3 41]] 
]
[2025-12-05 10:43:59 AM-train.py-INFO:
 valid/acc:0.34328358208955223 
 valid/specificity:1.0 
 confusion_matrix:[[23  0]
 [44  0]] 
]
[2025-12-05 10:44:08 AM-train.py-INFO:
 valid/acc:0.34328358208955223 
 valid/specificity:1.0 
 confusion_matrix:[[23  0]
 [44  0]] 
]
[2025-12-05 10:44:16 AM-train.py-INFO:
 valid/acc:0.34328358208955223 
 valid/specificity:1.0 
 confusion_matrix:[[23  0]
 [44  0]] 
]
[2025-12-05 10:44:24 AM-train.py-INFO:
 valid/acc:0.34328358208955223 
 valid/specificity:1.0 
 confusion_matrix:[[23  0]
 [44  0]] 
]
[2025-12-05 10:44:32 AM-train.py-INFO:
 valid/acc:0.34328358208955223 
 valid/specificity:1.0 
 confusion_matrix:[[23  0]
 [44  0]] 
]
[2025-12-05 10:44:40 AM-train.py-INFO:
 valid/acc:0.34328358208955223 
 valid/specificity:1.0 
 confusion_matrix:[[23  0]
 [44  0]] 
]
[2025-12-05 10:44:48 AM-train.py-INFO:
 valid/acc:0.34328358208955223 
 valid/specificity:1.0 
 confusion_matrix:[[23  0]
 [44  0]] 
]
[2025-12-05 10:44:57 AM-train.py-INFO:
 valid/acc:0.34328358208955223 
 valid/specificity:1.0 
 confusion_matrix:[[23  0]
 [44  0]] 
]
[2025-12-05 10:45:05 AM-train.py-INFO:
 valid/acc:0.34328358208955223 
 valid/specificity:1.0 
 confusion_matrix:[[23  0]
 [44  0]] 
]
[2025-12-05 10:45:13 AM-train.py-INFO:
 valid/acc:0.34328358208955223 
 valid/specificity:1.0 
 confusion_matrix:[[23  0]
 [44  0]] 
]
[2025-12-05 10:45:21 AM-train.py-INFO:
 valid/acc:0.34328358208955223 
 valid/specificity:1.0 
 confusion_matrix:[[23  0]
 [44  0]] 
]
[2025-12-05 10:45:29 AM-train.py-INFO:
 valid/acc:0.34328358208955223 
 valid/specificity:1.0 
 confusion_matrix:[[23  0]
 [44  0]] 
]
[2025-12-05 10:45:38 AM-train.py-INFO:
 valid/acc:0.34328358208955223 
 valid/specificity:1.0 
 confusion_matrix:[[23  0]
 [44  0]] 
]
[2025-12-05 10:45:46 AM-train.py-INFO:
 valid/acc:0.34328358208955223 
 valid/specificity:1.0 
 confusion_matrix:[[23  0]
 [44  0]] 
]
[2025-12-05 10:45:54 AM-train.py-INFO:
 valid/acc:0.34328358208955223 
 valid/specificity:1.0 
 confusion_matrix:[[23  0]
 [44  0]] 
]
[2025-12-05 10:46:02 AM-train.py-INFO:
 valid/acc:0.34328358208955223 
 valid/specificity:1.0 
 confusion_matrix:[[23  0]
 [44  0]] 
]
[2025-12-05 10:46:10 AM-train.py-INFO:
 valid/acc:0.34328358208955223 
 valid/specificity:1.0 
 confusion_matrix:[[23  0]
 [44  0]] 
]
[2025-12-05 10:46:18 AM-train.py-INFO:
 valid/acc:0.34328358208955223 
 valid/specificity:1.0 
 confusion_matrix:[[23  0]
 [44  0]] 
]
[2025-12-05 10:46:26 AM-train.py-INFO:
 valid/acc:0.34328358208955223 
 valid/specificity:1.0 
 confusion_matrix:[[23  0]
 [44  0]] 
]
[2025-12-05 10:46:26 AM-train.py-INFO:Top 1 - val_acc: 8 (Index: 0.8507462686567164)]
[2025-12-05 10:46:26 AM-train.py-INFO:Top 2 - val_acc: 9 (Index: 0.835820895522388)]
[2025-12-05 10:46:26 AM-train.py-INFO:Top 3 - val_acc: 14 (Index: 0.835820895522388)]
[2025-12-05 10:46:26 AM-train.py-INFO:Top 1 - val_spe: 12 (Index: 1.0)]
[2025-12-05 10:46:26 AM-train.py-INFO:Top 2 - val_spe: 16 (Index: 1.0)]
[2025-12-05 10:46:26 AM-train.py-INFO:Top 3 - val_spe: 17 (Index: 1.0)]
[2025-12-05 10:46:35 AM-train.py-INFO:
 valid/acc:0.8059701492537313 
 valid/specificity:0.5652173913043478 
 confusion_matrix:[[13 10]
 [ 3 41]] 
]
[2025-12-05 10:46:43 AM-train.py-INFO:
 valid/acc:0.8059701492537313 
 valid/specificity:0.4782608695652174 
 confusion_matrix:[[11 12]
 [ 1 43]] 
]
[2025-12-05 10:46:52 AM-train.py-INFO:
 valid/acc:0.8208955223880597 
 valid/specificity:0.5217391304347826 
 confusion_matrix:[[12 11]
 [ 1 43]] 
]
[2025-12-05 10:47:00 AM-train.py-INFO:
 valid/acc:0.7910447761194029 
 valid/specificity:0.782608695652174 
 confusion_matrix:[[18  5]
 [ 9 35]] 
]
[2025-12-05 10:47:08 AM-train.py-INFO:
 valid/acc:0.8059701492537313 
 valid/specificity:0.9130434782608695 
 confusion_matrix:[[21  2]
 [11 33]] 
]
[2025-12-05 10:47:16 AM-train.py-INFO:
 valid/acc:0.34328358208955223 
 valid/specificity:1.0 
 confusion_matrix:[[23  0]
 [44  0]] 
]
[2025-12-05 10:47:24 AM-train.py-INFO:
 valid/acc:0.34328358208955223 
 valid/specificity:1.0 
 confusion_matrix:[[23  0]
 [44  0]] 
]
[2025-12-05 10:47:32 AM-train.py-INFO:
 valid/acc:0.34328358208955223 
 valid/specificity:1.0 
 confusion_matrix:[[23  0]
 [44  0]] 
]
[2025-12-05 10:47:40 AM-train.py-INFO:
 valid/acc:0.34328358208955223 
 valid/specificity:1.0 
 confusion_matrix:[[23  0]
 [44  0]] 
]
[2025-12-05 10:47:48 AM-train.py-INFO:
 valid/acc:0.34328358208955223 
 valid/specificity:1.0 
 confusion_matrix:[[23  0]
 [44  0]] 
]
[2025-12-05 10:47:56 AM-train.py-INFO:
 valid/acc:0.34328358208955223 
 valid/specificity:1.0 
 confusion_matrix:[[23  0]
 [44  0]] 
]
[2025-12-05 10:48:05 AM-train.py-INFO:
 valid/acc:0.34328358208955223 
 valid/specificity:1.0 
 confusion_matrix:[[23  0]
 [44  0]] 
]
[2025-12-05 10:48:13 AM-train.py-INFO:
 valid/acc:0.34328358208955223 
 valid/specificity:1.0 
 confusion_matrix:[[23  0]
 [44  0]] 
]
[2025-12-05 10:48:21 AM-train.py-INFO:
 valid/acc:0.34328358208955223 
 valid/specificity:1.0 
 confusion_matrix:[[23  0]
 [44  0]] 
]
[2025-12-05 10:48:29 AM-train.py-INFO:
 valid/acc:0.34328358208955223 
 valid/specificity:1.0 
 confusion_matrix:[[23  0]
 [44  0]] 
]
[2025-12-05 10:48:37 AM-train.py-INFO:
 valid/acc:0.34328358208955223 
 valid/specificity:1.0 
 confusion_matrix:[[23  0]
 [44  0]] 
]
[2025-12-05 10:48:45 AM-train.py-INFO:
 valid/acc:0.34328358208955223 
 valid/specificity:1.0 
 confusion_matrix:[[23  0]
 [44  0]] 
]
[2025-12-05 10:48:53 AM-train.py-INFO:
 valid/acc:0.34328358208955223 
 valid/specificity:1.0 
 confusion_matrix:[[23  0]
 [44  0]] 
]
[2025-12-05 10:49:01 AM-train.py-INFO:
 valid/acc:0.34328358208955223 
 valid/specificity:1.0 
 confusion_matrix:[[23  0]
 [44  0]] 
]
[2025-12-05 10:49:09 AM-train.py-INFO:
 valid/acc:0.34328358208955223 
 valid/specificity:1.0 
 confusion_matrix:[[23  0]
 [44  0]] 
]
[2025-12-05 10:49:09 AM-train.py-INFO:Top 1 - val_acc: 37 (Index: 0.835820895522388)]
[2025-12-05 10:49:09 AM-train.py-INFO:Top 2 - val_acc: 41 (Index: 0.835820895522388)]
[2025-12-05 10:49:09 AM-train.py-INFO:Top 3 - val_acc: 26 (Index: 0.8208955223880597)]
[2025-12-05 10:49:09 AM-train.py-INFO:Top 1 - val_spe: 53 (Index: 1.0)]
[2025-12-05 10:49:09 AM-train.py-INFO:Top 2 - val_spe: 54 (Index: 1.0)]
[2025-12-05 10:49:09 AM-train.py-INFO:Top 3 - val_spe: 55 (Index: 1.0)]
